<?xml version="1.0" encoding="UTF-8"?>
<TestRun id="e539bb1d-dadf-467b-9f56-e3df324ff2af" name="Meow@MEOW-PC 2012-10-21 12:41:07" runUser="Meow-PC\Meow" xmlns="http://microsoft.com/schemas/VisualStudio/TeamTest/2010">
  <TestSettings name="本機" id="4c5d43f5-97de-455f-80f8-d6dcfee819f3">
    <Description>這些是本機測試回合的預設測試設定。</Description>
    <Deployment enabled="false" runDeploymentRoot="Meow_MEOW-PC 2012-10-21 12_41_07">
      <DeploymentItem filename="D:\Desktop\GitHubRepositories\ezMoney\ezMoney\bin\Debug\ezMoney.exe" />
    </Deployment>
    <Execution>
      <TestTypeSpecific />
      <AgentRule name="Execution Agents">
      </AgentRule>
    </Execution>
  </TestSettings>
  <Times creation="2012-10-21T12:41:07.7820208+08:00" queuing="2012-10-21T12:41:08.0680371+08:00" start="2012-10-21T12:41:08.1480417+08:00" finish="2012-10-21T12:41:08.7260748+08:00" />
  <ResultSummary outcome="Failed">
    <Counters total="10" executed="10" error="0" failed="1" timeout="0" aborted="0" inconclusive="9" passedButRunAborted="0" notRunnable="0" notExecuted="0" disconnected="0" warning="0" passed="0" completed="0" inProgress="0" pending="0" />
  </ResultSummary>
  <TestDefinitions>
    <UnitTest name="EqualsTest" storage="d:\desktop\githubrepositories\ezmoney\ezmoney\testezmoney\bin\debug\testezmoney.dll" id="0393df5a-fa0b-3296-acc0-c8cfc4b7d946">
      <Execution id="b7f091f9-a638-4d2d-a992-a0724520668d" />
      <TestMethod codeBase="D:/Desktop/GitHubRepositories/ezMoney/ezMoney/TestEZMoney/bin/Debug/TestEZMoney.DLL" adapterTypeName="Microsoft.VisualStudio.TestTools.TestTypes.Unit.UnitTestAdapter, Microsoft.VisualStudio.QualityTools.Tips.UnitTest.Adapter, Version=10.0.0.0, Culture=neutral, PublicKeyToken=b03f5f7f11d50a3a" className="TestEZMoney.CategoryTest, TestEZMoney, Version=1.0.0.0, Culture=neutral, PublicKeyToken=null" name="EqualsTest" />
    </UnitTest>
    <UnitTest name="ToStringTest" storage="d:\desktop\githubrepositories\ezmoney\ezmoney\testezmoney\bin\debug\testezmoney.dll" id="74efd12a-9c71-71c4-7dc6-67bf8631fefb">
      <Execution id="b60873e1-5921-4d58-80da-10fc7e5dd86d" />
      <TestMethod codeBase="D:/Desktop/GitHubRepositories/ezMoney/ezMoney/TestEZMoney/bin/Debug/TestEZMoney.DLL" adapterTypeName="Microsoft.VisualStudio.TestTools.TestTypes.Unit.UnitTestAdapter, Microsoft.VisualStudio.QualityTools.Tips.UnitTest.Adapter, Version=10.0.0.0, Culture=neutral, PublicKeyToken=b03f5f7f11d50a3a" className="TestEZMoney.CategoryTest, TestEZMoney, Version=1.0.0.0, Culture=neutral, PublicKeyToken=null" name="ToStringTest" />
    </UnitTest>
    <UnitTest name="AmountTest" storage="d:\desktop\githubrepositories\ezmoney\ezmoney\testezmoney\bin\debug\testezmoney.dll" id="c0746781-6825-d26a-5c81-52f601d3f840">
      <Execution id="aa4afd1d-6694-4f1d-8e0c-aabebd373307" />
      <TestMethod codeBase="D:/Desktop/GitHubRepositories/ezMoney/ezMoney/TestEZMoney/bin/Debug/TestEZMoney.DLL" adapterTypeName="Microsoft.VisualStudio.TestTools.TestTypes.Unit.UnitTestAdapter, Microsoft.VisualStudio.QualityTools.Tips.UnitTest.Adapter, Version=10.0.0.0, Culture=neutral, PublicKeyToken=b03f5f7f11d50a3a" className="TestEZMoney.RecordTest, TestEZMoney, Version=1.0.0.0, Culture=neutral, PublicKeyToken=null" name="AmountTest" />
    </UnitTest>
    <UnitTest name="EqualsTest1" storage="d:\desktop\githubrepositories\ezmoney\ezmoney\testezmoney\bin\debug\testezmoney.dll" id="fbe5c66b-0919-1363-3be1-55948d76bff4">
      <Execution id="47b8e2c4-aac3-4e03-9aa5-72a650764916" />
      <TestMethod codeBase="D:/Desktop/GitHubRepositories/ezMoney/ezMoney/TestEZMoney/bin/Debug/TestEZMoney.DLL" adapterTypeName="Microsoft.VisualStudio.TestTools.TestTypes.Unit.UnitTestAdapter, Microsoft.VisualStudio.QualityTools.Tips.UnitTest.Adapter, Version=10.0.0.0, Culture=neutral, PublicKeyToken=b03f5f7f11d50a3a" className="TestEZMoney.CategoryTest, TestEZMoney, Version=1.0.0.0, Culture=neutral, PublicKeyToken=null" name="EqualsTest1" />
    </UnitTest>
    <UnitTest name="CategoryTest" storage="d:\desktop\githubrepositories\ezmoney\ezmoney\testezmoney\bin\debug\testezmoney.dll" id="4d8a1e67-a741-d1dc-e666-be1101e5eac4">
      <Execution id="83386788-2c83-4402-9656-47c94bb87ea4" />
      <TestMethod codeBase="D:/Desktop/GitHubRepositories/ezMoney/ezMoney/TestEZMoney/bin/Debug/TestEZMoney.DLL" adapterTypeName="Microsoft.VisualStudio.TestTools.TestTypes.Unit.UnitTestAdapter, Microsoft.VisualStudio.QualityTools.Tips.UnitTest.Adapter, Version=10.0.0.0, Culture=neutral, PublicKeyToken=b03f5f7f11d50a3a" className="TestEZMoney.RecordTest, TestEZMoney, Version=1.0.0.0, Culture=neutral, PublicKeyToken=null" name="CategoryTest" />
    </UnitTest>
    <UnitTest name="DateTest" storage="d:\desktop\githubrepositories\ezmoney\ezmoney\testezmoney\bin\debug\testezmoney.dll" id="2fff3d70-8a91-739b-bf71-7ff50172d6de">
      <Execution id="90414d46-9084-4739-93ca-e7db748fd323" />
      <TestMethod codeBase="D:/Desktop/GitHubRepositories/ezMoney/ezMoney/TestEZMoney/bin/Debug/TestEZMoney.DLL" adapterTypeName="Microsoft.VisualStudio.TestTools.TestTypes.Unit.UnitTestAdapter, Microsoft.VisualStudio.QualityTools.Tips.UnitTest.Adapter, Version=10.0.0.0, Culture=neutral, PublicKeyToken=b03f5f7f11d50a3a" className="TestEZMoney.RecordTest, TestEZMoney, Version=1.0.0.0, Culture=neutral, PublicKeyToken=null" name="DateTest" />
    </UnitTest>
    <UnitTest name="RecordConstructorTest" storage="d:\desktop\githubrepositories\ezmoney\ezmoney\testezmoney\bin\debug\testezmoney.dll" id="7b1e4198-61b0-bb54-900d-c186f9637013">
      <Execution id="3c7c7a49-fa48-4fa5-8fc8-a7e9e1b4e417" />
      <TestMethod codeBase="D:/Desktop/GitHubRepositories/ezMoney/ezMoney/TestEZMoney/bin/Debug/TestEZMoney.DLL" adapterTypeName="Microsoft.VisualStudio.TestTools.TestTypes.Unit.UnitTestAdapter, Microsoft.VisualStudio.QualityTools.Tips.UnitTest.Adapter, Version=10.0.0.0, Culture=neutral, PublicKeyToken=b03f5f7f11d50a3a" className="TestEZMoney.RecordTest, TestEZMoney, Version=1.0.0.0, Culture=neutral, PublicKeyToken=null" name="RecordConstructorTest" />
    </UnitTest>
    <UnitTest name="CategoryNameTest" storage="d:\desktop\githubrepositories\ezmoney\ezmoney\testezmoney\bin\debug\testezmoney.dll" id="07e6a34d-12d4-d88c-cc26-7bf4c189b456">
      <Execution id="d45d827e-3854-412d-8f03-a88cdd331a46" />
      <TestMethod codeBase="D:/Desktop/GitHubRepositories/ezMoney/ezMoney/TestEZMoney/bin/Debug/TestEZMoney.DLL" adapterTypeName="Microsoft.VisualStudio.TestTools.TestTypes.Unit.UnitTestAdapter, Microsoft.VisualStudio.QualityTools.Tips.UnitTest.Adapter, Version=10.0.0.0, Culture=neutral, PublicKeyToken=b03f5f7f11d50a3a" className="TestEZMoney.CategoryTest, TestEZMoney, Version=1.0.0.0, Culture=neutral, PublicKeyToken=null" name="CategoryNameTest" />
    </UnitTest>
    <UnitTest name="GetHashCodeTest" storage="d:\desktop\githubrepositories\ezmoney\ezmoney\testezmoney\bin\debug\testezmoney.dll" id="abb1e93d-9f24-6d2a-9e99-4f0f51cac12c">
      <Execution id="976066e6-0f92-41a5-9e98-f99572ebbf5f" />
      <TestMethod codeBase="D:/Desktop/GitHubRepositories/ezMoney/ezMoney/TestEZMoney/bin/Debug/TestEZMoney.DLL" adapterTypeName="Microsoft.VisualStudio.TestTools.TestTypes.Unit.UnitTestAdapter, Microsoft.VisualStudio.QualityTools.Tips.UnitTest.Adapter, Version=10.0.0.0, Culture=neutral, PublicKeyToken=b03f5f7f11d50a3a" className="TestEZMoney.CategoryTest, TestEZMoney, Version=1.0.0.0, Culture=neutral, PublicKeyToken=null" name="GetHashCodeTest" />
    </UnitTest>
    <UnitTest name="CategoryConstructorTest" storage="d:\desktop\githubrepositories\ezmoney\ezmoney\testezmoney\bin\debug\testezmoney.dll" id="e7a7223c-6343-b0ec-eff0-531ec7de65b7">
      <Execution id="a2067d92-cb1a-47b5-8989-824612bc690f" />
      <TestMethod codeBase="D:/Desktop/GitHubRepositories/ezMoney/ezMoney/TestEZMoney/bin/Debug/TestEZMoney.DLL" adapterTypeName="Microsoft.VisualStudio.TestTools.TestTypes.Unit.UnitTestAdapter, Microsoft.VisualStudio.QualityTools.Tips.UnitTest.Adapter, Version=10.0.0.0, Culture=neutral, PublicKeyToken=b03f5f7f11d50a3a" className="TestEZMoney.CategoryTest, TestEZMoney, Version=1.0.0.0, Culture=neutral, PublicKeyToken=null" name="CategoryConstructorTest" />
    </UnitTest>
  </TestDefinitions>
  <TestLists>
    <TestList name="不在清單中的結果" id="8c84fa94-04c1-424b-9868-57a2d4851a1d" />
    <TestList name="所有載入的結果" id="19431567-8539-422a-85d7-44ee4e166bda" />
  </TestLists>
  <TestEntries>
    <TestEntry testId="0393df5a-fa0b-3296-acc0-c8cfc4b7d946" executionId="b7f091f9-a638-4d2d-a992-a0724520668d" testListId="8c84fa94-04c1-424b-9868-57a2d4851a1d" />
    <TestEntry testId="07e6a34d-12d4-d88c-cc26-7bf4c189b456" executionId="d45d827e-3854-412d-8f03-a88cdd331a46" testListId="8c84fa94-04c1-424b-9868-57a2d4851a1d" />
    <TestEntry testId="2fff3d70-8a91-739b-bf71-7ff50172d6de" executionId="90414d46-9084-4739-93ca-e7db748fd323" testListId="8c84fa94-04c1-424b-9868-57a2d4851a1d" />
    <TestEntry testId="4d8a1e67-a741-d1dc-e666-be1101e5eac4" executionId="83386788-2c83-4402-9656-47c94bb87ea4" testListId="8c84fa94-04c1-424b-9868-57a2d4851a1d" />
    <TestEntry testId="74efd12a-9c71-71c4-7dc6-67bf8631fefb" executionId="b60873e1-5921-4d58-80da-10fc7e5dd86d" testListId="8c84fa94-04c1-424b-9868-57a2d4851a1d" />
    <TestEntry testId="7b1e4198-61b0-bb54-900d-c186f9637013" executionId="3c7c7a49-fa48-4fa5-8fc8-a7e9e1b4e417" testListId="8c84fa94-04c1-424b-9868-57a2d4851a1d" />
    <TestEntry testId="abb1e93d-9f24-6d2a-9e99-4f0f51cac12c" executionId="976066e6-0f92-41a5-9e98-f99572ebbf5f" testListId="8c84fa94-04c1-424b-9868-57a2d4851a1d" />
    <TestEntry testId="c0746781-6825-d26a-5c81-52f601d3f840" executionId="aa4afd1d-6694-4f1d-8e0c-aabebd373307" testListId="8c84fa94-04c1-424b-9868-57a2d4851a1d" />
    <TestEntry testId="e7a7223c-6343-b0ec-eff0-531ec7de65b7" executionId="a2067d92-cb1a-47b5-8989-824612bc690f" testListId="8c84fa94-04c1-424b-9868-57a2d4851a1d" />
    <TestEntry testId="fbe5c66b-0919-1363-3be1-55948d76bff4" executionId="47b8e2c4-aac3-4e03-9aa5-72a650764916" testListId="8c84fa94-04c1-424b-9868-57a2d4851a1d" />
  </TestEntries>
  <Results>
    <UnitTestResult executionId="b7f091f9-a638-4d2d-a992-a0724520668d" testId="0393df5a-fa0b-3296-acc0-c8cfc4b7d946" testName="EqualsTest" computerName="MEOW-PC" duration="00:00:00.0388042" startTime="2012-10-21T12:41:08.1630426+08:00" endTime="2012-10-21T12:41:08.5660656+08:00" testType="13cdc9d9-ddb5-4fa4-a97d-d965ccfc6d4b" outcome="Inconclusive" testListId="8c84fa94-04c1-424b-9868-57a2d4851a1d" relativeResultsDirectory="b7f091f9-a638-4d2d-a992-a0724520668d">
      <Output>
        <ErrorInfo>
          <Message>Assert.Inconclusive 失敗。驗證這個測試方法的正確性。</Message>
          <StackTrace>   於 TestEZMoney.CategoryTest.EqualsTest() 於 D:\Desktop\GitHubRepositories\ezMoney\ezMoney\TestEZMoney\CategoryTest.cs: 行 89
</StackTrace>
        </ErrorInfo>
      </Output>
    </UnitTestResult>
    <UnitTestResult executionId="d45d827e-3854-412d-8f03-a88cdd331a46" testId="07e6a34d-12d4-d88c-cc26-7bf4c189b456" testName="CategoryNameTest" computerName="MEOW-PC" duration="00:00:00.0021207" startTime="2012-10-21T12:41:08.5690658+08:00" endTime="2012-10-21T12:41:08.5790664+08:00" testType="13cdc9d9-ddb5-4fa4-a97d-d965ccfc6d4b" outcome="Inconclusive" testListId="8c84fa94-04c1-424b-9868-57a2d4851a1d" relativeResultsDirectory="d45d827e-3854-412d-8f03-a88cdd331a46">
      <Output>
        <ErrorInfo>
          <Message>Assert.Inconclusive 失敗。驗證這個測試方法的正確性。</Message>
          <StackTrace>   於 TestEZMoney.CategoryTest.CategoryNameTest() 於 D:\Desktop\GitHubRepositories\ezMoney\ezMoney\TestEZMoney\CategoryTest.cs: 行 151
</StackTrace>
        </ErrorInfo>
      </Output>
    </UnitTestResult>
    <UnitTestResult executionId="90414d46-9084-4739-93ca-e7db748fd323" testId="2fff3d70-8a91-739b-bf71-7ff50172d6de" testName="DateTest" computerName="MEOW-PC" duration="00:00:00.0039452" startTime="2012-10-21T12:41:08.5840667+08:00" endTime="2012-10-21T12:41:08.5960673+08:00" testType="13cdc9d9-ddb5-4fa4-a97d-d965ccfc6d4b" outcome="Inconclusive" testListId="8c84fa94-04c1-424b-9868-57a2d4851a1d" relativeResultsDirectory="90414d46-9084-4739-93ca-e7db748fd323">
      <Output>
        <ErrorInfo>
          <Message>Assert.Inconclusive 失敗。驗證這個測試方法的正確性。</Message>
          <StackTrace>   於 TestEZMoney.RecordTest.DateTest() 於 D:\Desktop\GitHubRepositories\ezMoney\ezMoney\TestEZMoney\RecordTest.cs: 行 133
</StackTrace>
        </ErrorInfo>
      </Output>
    </UnitTestResult>
    <UnitTestResult executionId="83386788-2c83-4402-9656-47c94bb87ea4" testId="4d8a1e67-a741-d1dc-e666-be1101e5eac4" testName="CategoryTest" computerName="MEOW-PC" duration="00:00:00.0010892" startTime="2012-10-21T12:41:08.6000676+08:00" endTime="2012-10-21T12:41:08.6070680+08:00" testType="13cdc9d9-ddb5-4fa4-a97d-d965ccfc6d4b" outcome="Inconclusive" testListId="8c84fa94-04c1-424b-9868-57a2d4851a1d" relativeResultsDirectory="83386788-2c83-4402-9656-47c94bb87ea4">
      <Output>
        <ErrorInfo>
          <Message>Assert.Inconclusive 失敗。驗證這個測試方法的正確性。</Message>
          <StackTrace>   於 TestEZMoney.RecordTest.CategoryTest() 於 D:\Desktop\GitHubRepositories\ezMoney\ezMoney\TestEZMoney\RecordTest.cs: 行 115
</StackTrace>
        </ErrorInfo>
      </Output>
    </UnitTestResult>
    <UnitTestResult executionId="b60873e1-5921-4d58-80da-10fc7e5dd86d" testId="74efd12a-9c71-71c4-7dc6-67bf8631fefb" testName="ToStringTest" computerName="MEOW-PC" duration="00:00:00.0008583" startTime="2012-10-21T12:41:08.6080680+08:00" endTime="2012-10-21T12:41:08.6130683+08:00" testType="13cdc9d9-ddb5-4fa4-a97d-d965ccfc6d4b" outcome="Inconclusive" testListId="8c84fa94-04c1-424b-9868-57a2d4851a1d" relativeResultsDirectory="b60873e1-5921-4d58-80da-10fc7e5dd86d">
      <Output>
        <ErrorInfo>
          <Message>Assert.Inconclusive 失敗。驗證這個測試方法的正確性。</Message>
          <StackTrace>   於 TestEZMoney.CategoryTest.ToStringTest() 於 D:\Desktop\GitHubRepositories\ezMoney\ezMoney\TestEZMoney\CategoryTest.cs: 行 135
</StackTrace>
        </ErrorInfo>
      </Output>
    </UnitTestResult>
    <UnitTestResult executionId="3c7c7a49-fa48-4fa5-8fc8-a7e9e1b4e417" testId="7b1e4198-61b0-bb54-900d-c186f9637013" testName="RecordConstructorTest" computerName="MEOW-PC" duration="00:00:00.0009642" startTime="2012-10-21T12:41:08.6150684+08:00" endTime="2012-10-21T12:41:08.6200687+08:00" testType="13cdc9d9-ddb5-4fa4-a97d-d965ccfc6d4b" outcome="Inconclusive" testListId="8c84fa94-04c1-424b-9868-57a2d4851a1d" relativeResultsDirectory="3c7c7a49-fa48-4fa5-8fc8-a7e9e1b4e417">
      <Output>
        <ErrorInfo>
          <Message>Assert.Inconclusive 失敗。TODO: 實作程式碼以驗證目標</Message>
          <StackTrace>   於 TestEZMoney.RecordTest.RecordConstructorTest() 於 D:\Desktop\GitHubRepositories\ezMoney\ezMoney\TestEZMoney\RecordTest.cs: 行 79
</StackTrace>
        </ErrorInfo>
      </Output>
    </UnitTestResult>
    <UnitTestResult executionId="976066e6-0f92-41a5-9e98-f99572ebbf5f" testId="abb1e93d-9f24-6d2a-9e99-4f0f51cac12c" testName="GetHashCodeTest" computerName="MEOW-PC" duration="00:00:00.0130042" startTime="2012-10-21T12:41:08.6220688+08:00" endTime="2012-10-21T12:41:08.6400699+08:00" testType="13cdc9d9-ddb5-4fa4-a97d-d965ccfc6d4b" outcome="Failed" testListId="8c84fa94-04c1-424b-9868-57a2d4851a1d" relativeResultsDirectory="976066e6-0f92-41a5-9e98-f99572ebbf5f">
      <Output>
        <ErrorInfo>
          <Message>Assert.AreEqual 失敗。預期: &lt;0&gt;。實際: &lt;33119560&gt;。</Message>
          <StackTrace>   於 TestEZMoney.CategoryTest.GetHashCodeTest() 於 D:\Desktop\GitHubRepositories\ezMoney\ezMoney\TestEZMoney\CategoryTest.cs: 行 119
</StackTrace>
        </ErrorInfo>
      </Output>
    </UnitTestResult>
    <UnitTestResult executionId="aa4afd1d-6694-4f1d-8e0c-aabebd373307" testId="c0746781-6825-d26a-5c81-52f601d3f840" testName="AmountTest" computerName="MEOW-PC" duration="00:00:00.0009451" startTime="2012-10-21T12:41:08.6410699+08:00" endTime="2012-10-21T12:41:08.6460702+08:00" testType="13cdc9d9-ddb5-4fa4-a97d-d965ccfc6d4b" outcome="Inconclusive" testListId="8c84fa94-04c1-424b-9868-57a2d4851a1d" relativeResultsDirectory="aa4afd1d-6694-4f1d-8e0c-aabebd373307">
      <Output>
        <ErrorInfo>
          <Message>Assert.Inconclusive 失敗。驗證這個測試方法的正確性。</Message>
          <StackTrace>   於 TestEZMoney.RecordTest.AmountTest() 於 D:\Desktop\GitHubRepositories\ezMoney\ezMoney\TestEZMoney\RecordTest.cs: 行 97
</StackTrace>
        </ErrorInfo>
      </Output>
    </UnitTestResult>
    <UnitTestResult executionId="a2067d92-cb1a-47b5-8989-824612bc690f" testId="e7a7223c-6343-b0ec-eff0-531ec7de65b7" testName="CategoryConstructorTest" computerName="MEOW-PC" duration="00:00:00.0007883" startTime="2012-10-21T12:41:08.6490704+08:00" endTime="2012-10-21T12:41:08.6540707+08:00" testType="13cdc9d9-ddb5-4fa4-a97d-d965ccfc6d4b" outcome="Inconclusive" testListId="8c84fa94-04c1-424b-9868-57a2d4851a1d" relativeResultsDirectory="a2067d92-cb1a-47b5-8989-824612bc690f">
      <Output>
        <ErrorInfo>
          <Message>Assert.Inconclusive 失敗。TODO: 實作程式碼以驗證目標</Message>
          <StackTrace>   於 TestEZMoney.CategoryTest.CategoryConstructorTest() 於 D:\Desktop\GitHubRepositories\ezMoney\ezMoney\TestEZMoney\CategoryTest.cs: 行 73
</StackTrace>
        </ErrorInfo>
      </Output>
    </UnitTestResult>
    <UnitTestResult executionId="47b8e2c4-aac3-4e03-9aa5-72a650764916" testId="fbe5c66b-0919-1363-3be1-55948d76bff4" testName="EqualsTest1" computerName="MEOW-PC" duration="00:00:00.0012884" startTime="2012-10-21T12:41:08.6560708+08:00" endTime="2012-10-21T12:41:08.6630712+08:00" testType="13cdc9d9-ddb5-4fa4-a97d-d965ccfc6d4b" outcome="Inconclusive" testListId="8c84fa94-04c1-424b-9868-57a2d4851a1d" relativeResultsDirectory="47b8e2c4-aac3-4e03-9aa5-72a650764916">
      <Output>
        <ErrorInfo>
          <Message>Assert.Inconclusive 失敗。驗證這個測試方法的正確性。</Message>
          <StackTrace>   於 TestEZMoney.CategoryTest.EqualsTest1() 於 D:\Desktop\GitHubRepositories\ezMoney\ezMoney\TestEZMoney\CategoryTest.cs: 行 105
</StackTrace>
        </ErrorInfo>
      </Output>
    </UnitTestResult>
  </Results>
</TestRun>