<?xml version="1.0" encoding="UTF-8"?>
<TestRun id="1234373e-d6dd-4d31-894b-0a48aeb1125b" name="Meow@MEOW-PC 2012-10-21 18:04:54" runUser="Meow-PC\Meow" xmlns="http://microsoft.com/schemas/VisualStudio/TeamTest/2010">
  <TestSettings name="本機" id="4c5d43f5-97de-455f-80f8-d6dcfee819f3">
    <Description>這些是本機測試回合的預設測試設定。</Description>
    <Deployment runDeploymentRoot="Meow_MEOW-PC 2012-10-21 18_04_54">
      <DeploymentItem filename="D:\Desktop\GitHubRepositories\ezMoney\ezMoney\bin\Debug\ezMoney.exe" />
    </Deployment>
    <Execution>
      <TestTypeSpecific>
        <UnitTestRunConfig testTypeId="13cdc9d9-ddb5-4fa4-a97d-d965ccfc6d4b">
          <AssemblyResolution>
            <TestDirectory useLoadContext="true" />
          </AssemblyResolution>
        </UnitTestRunConfig>
        <WebTestRunConfiguration testTypeId="4e7599fa-5ecb-43e9-a887-cd63cf72d207">
          <Browser name="Internet Explorer 7.0">
            <Headers>
              <Header name="User-Agent" value="Mozilla/4.0 (compatible; MSIE 7.0; Windows NT 5.1)" />
              <Header name="Accept" value="*/*" />
              <Header name="Accept-Language" value="{{$IEAcceptLanguage}}" />
              <Header name="Accept-Encoding" value="GZIP" />
            </Headers>
          </Browser>
        </WebTestRunConfiguration>
      </TestTypeSpecific>
      <AgentRule name="LocalMachineDefaultRole">
        <DataCollectors>
          <DataCollector uri="datacollector://microsoft/CodeCoverage/1.0" assemblyQualifiedName="Microsoft.VisualStudio.TestTools.CodeCoverage.CoveragePlugIn, Microsoft.VisualStudio.QualityTools.Plugins.CodeCoverage, Version=10.0.0.0, Culture=neutral, PublicKeyToken=b03f5f7f11d50a3a" friendlyName="程式碼涵蓋範圍">
            <Configuration>
              <CodeCoverage xmlns="">
                <Regular>
                  <CodeCoverageItem binaryFile="D:\Desktop\GitHubRepositories\ezMoney\ezMoney\bin\Debug\ezMoney.exe" pdbFile="D:\Desktop\GitHubRepositories\ezMoney\ezMoney\bin\Debug\ezMoney.instr.pdb" instrumentInPlace="true" />
                </Regular>
              </CodeCoverage>
            </Configuration>
          </DataCollector>
        </DataCollectors>
      </AgentRule>
    </Execution>
  </TestSettings>
  <Times creation="2012-10-21T18:04:54.2659144+08:00" queuing="2012-10-21T18:04:54.6199347+08:00" start="2012-10-21T18:04:54.6869385+08:00" finish="2012-10-21T18:04:57.9573448+08:00" />
  <ResultSummary outcome="Inconclusive">
    <Counters total="52" executed="52" passed="49" error="0" failed="0" timeout="0" aborted="0" inconclusive="3" passedButRunAborted="0" notRunnable="0" notExecuted="0" disconnected="0" warning="0" completed="0" inProgress="0" pending="0" />
    <ResultFiles>
      <ResultFile path="MEOW-PC\data.coverage" />
    </ResultFiles>
  </ResultSummary>
  <TestDefinitions>
    <UnitTest name="GetRecordsTest" storage="d:\desktop\githubrepositories\ezmoney\ezmoney\testezmoney\bin\debug\testezmoney.dll" id="3a174999-523f-75e1-819b-4e6fac788c64">
      <Execution id="c7cd5c1f-dac1-4eed-995a-c94d04f8f3ee" />
      <TestMethod codeBase="D:/Desktop/GitHubRepositories/ezMoney/ezMoney/TestEZMoney/bin/Debug/TestEZMoney.DLL" adapterTypeName="Microsoft.VisualStudio.TestTools.TestTypes.Unit.UnitTestAdapter, Microsoft.VisualStudio.QualityTools.Tips.UnitTest.Adapter, Version=10.0.0.0, Culture=neutral, PublicKeyToken=b03f5f7f11d50a3a" className="TestEZMoney.RecordModelTest, TestEZMoney, Version=1.0.0.0, Culture=neutral, PublicKeyToken=null" name="GetRecordsTest" />
    </UnitTest>
    <UnitTest name="GetRecordModelTest" storage="d:\desktop\githubrepositories\ezmoney\ezmoney\testezmoney\bin\debug\testezmoney.dll" id="c0f06d6c-dcd7-4804-00f4-8b52a6b0ab52">
      <Execution id="6e8bb8a0-0455-4edb-9f46-6596057736fd" />
      <TestMethod codeBase="D:/Desktop/GitHubRepositories/ezMoney/ezMoney/TestEZMoney/bin/Debug/TestEZMoney.DLL" adapterTypeName="Microsoft.VisualStudio.TestTools.TestTypes.Unit.UnitTestAdapter, Microsoft.VisualStudio.QualityTools.Tips.UnitTest.Adapter, Version=10.0.0.0, Culture=neutral, PublicKeyToken=b03f5f7f11d50a3a" className="TestEZMoney.EZMoneyModelTest, TestEZMoney, Version=1.0.0.0, Culture=neutral, PublicKeyToken=null" name="GetRecordModelTest" />
    </UnitTest>
    <UnitTest name="GetExpenseStatisticsTest" storage="d:\desktop\githubrepositories\ezmoney\ezmoney\testezmoney\bin\debug\testezmoney.dll" id="7d3e6c23-29df-0d58-ab46-c33cfd104620">
      <Execution id="1117ffe5-be62-4498-87d8-46c9bd4c895c" />
      <TestMethod codeBase="D:/Desktop/GitHubRepositories/ezMoney/ezMoney/TestEZMoney/bin/Debug/TestEZMoney.DLL" adapterTypeName="Microsoft.VisualStudio.TestTools.TestTypes.Unit.UnitTestAdapter, Microsoft.VisualStudio.QualityTools.Tips.UnitTest.Adapter, Version=10.0.0.0, Culture=neutral, PublicKeyToken=b03f5f7f11d50a3a" className="TestEZMoney.StatisticModelTest, TestEZMoney, Version=1.0.0.0, Culture=neutral, PublicKeyToken=null" name="GetExpenseStatisticsTest" />
    </UnitTest>
    <UnitTest name="ToStringTest" storage="d:\desktop\githubrepositories\ezmoney\ezmoney\testezmoney\bin\debug\testezmoney.dll" id="74efd12a-9c71-71c4-7dc6-67bf8631fefb">
      <Execution id="390374ff-910e-46bb-b2da-74047aa6fae4" />
      <TestMethod codeBase="D:/Desktop/GitHubRepositories/ezMoney/ezMoney/TestEZMoney/bin/Debug/TestEZMoney.DLL" adapterTypeName="Microsoft.VisualStudio.TestTools.TestTypes.Unit.UnitTestAdapter, Microsoft.VisualStudio.QualityTools.Tips.UnitTest.Adapter, Version=10.0.0.0, Culture=neutral, PublicKeyToken=b03f5f7f11d50a3a" className="TestEZMoney.CategoryTest, TestEZMoney, Version=1.0.0.0, Culture=neutral, PublicKeyToken=null" name="ToStringTest" />
    </UnitTest>
    <UnitTest name="GetCategoriesTest" storage="d:\desktop\githubrepositories\ezmoney\ezmoney\testezmoney\bin\debug\testezmoney.dll" id="e81eabcf-b83c-e229-b61a-105cd01ce1b6">
      <Execution id="0a82d93b-02d6-4501-8cf1-91a715d93870" />
      <TestMethod codeBase="D:/Desktop/GitHubRepositories/ezMoney/ezMoney/TestEZMoney/bin/Debug/TestEZMoney.DLL" adapterTypeName="Microsoft.VisualStudio.TestTools.TestTypes.Unit.UnitTestAdapter, Microsoft.VisualStudio.QualityTools.Tips.UnitTest.Adapter, Version=10.0.0.0, Culture=neutral, PublicKeyToken=b03f5f7f11d50a3a" className="TestEZMoney.CategoryModelTest, TestEZMoney, Version=1.0.0.0, Culture=neutral, PublicKeyToken=null" name="GetCategoriesTest" />
    </UnitTest>
    <UnitTest name="WriteCategoryToFileTest" storage="d:\desktop\githubrepositories\ezmoney\ezmoney\testezmoney\bin\debug\testezmoney.dll" id="88b35f6f-ad01-e7b6-8824-0c819dab486a">
      <Execution id="a85225f9-ed55-4663-86b6-eba9a55ea92a" />
      <TestMethod codeBase="D:/Desktop/GitHubRepositories/ezMoney/ezMoney/TestEZMoney/bin/Debug/TestEZMoney.DLL" adapterTypeName="Microsoft.VisualStudio.TestTools.TestTypes.Unit.UnitTestAdapter, Microsoft.VisualStudio.QualityTools.Tips.UnitTest.Adapter, Version=10.0.0.0, Culture=neutral, PublicKeyToken=b03f5f7f11d50a3a" className="TestEZMoney.EZMoneyModelTest, TestEZMoney, Version=1.0.0.0, Culture=neutral, PublicKeyToken=null" name="WriteCategoryToFileTest" />
    </UnitTest>
    <UnitTest name="GetCategoryIndexTest" storage="d:\desktop\githubrepositories\ezmoney\ezmoney\testezmoney\bin\debug\testezmoney.dll" id="5f8b567f-98c3-ae13-5477-27a372c3a9a2">
      <Execution id="2041bafd-69d7-4ef0-a8ef-cb415df98ed3" />
      <TestMethod codeBase="D:/Desktop/GitHubRepositories/ezMoney/ezMoney/TestEZMoney/bin/Debug/TestEZMoney.DLL" adapterTypeName="Microsoft.VisualStudio.TestTools.TestTypes.Unit.UnitTestAdapter, Microsoft.VisualStudio.QualityTools.Tips.UnitTest.Adapter, Version=10.0.0.0, Culture=neutral, PublicKeyToken=b03f5f7f11d50a3a" className="TestEZMoney.CategoryModelTest, TestEZMoney, Version=1.0.0.0, Culture=neutral, PublicKeyToken=null" name="GetCategoryIndexTest" />
    </UnitTest>
    <UnitTest name="PercentTest" storage="d:\desktop\githubrepositories\ezmoney\ezmoney\testezmoney\bin\debug\testezmoney.dll" id="4c7cc9a3-a41a-0458-944d-2dfab50e312d">
      <Execution id="ca4bcb5d-e0bf-4259-b82a-517636d97d83" />
      <TestMethod codeBase="D:/Desktop/GitHubRepositories/ezMoney/ezMoney/TestEZMoney/bin/Debug/TestEZMoney.DLL" adapterTypeName="Microsoft.VisualStudio.TestTools.TestTypes.Unit.UnitTestAdapter, Microsoft.VisualStudio.QualityTools.Tips.UnitTest.Adapter, Version=10.0.0.0, Culture=neutral, PublicKeyToken=b03f5f7f11d50a3a" className="TestEZMoney.StatisticTest, TestEZMoney, Version=1.0.0.0, Culture=neutral, PublicKeyToken=null" name="PercentTest" />
    </UnitTest>
    <UnitTest name="GetCategoryModelTest" storage="d:\desktop\githubrepositories\ezmoney\ezmoney\testezmoney\bin\debug\testezmoney.dll" id="78dd5f9d-13bb-9546-be81-14ebcc0b1c0c">
      <Execution id="1287ffbb-f6ee-404b-9e63-9fc68856585c" />
      <TestMethod codeBase="D:/Desktop/GitHubRepositories/ezMoney/ezMoney/TestEZMoney/bin/Debug/TestEZMoney.DLL" adapterTypeName="Microsoft.VisualStudio.TestTools.TestTypes.Unit.UnitTestAdapter, Microsoft.VisualStudio.QualityTools.Tips.UnitTest.Adapter, Version=10.0.0.0, Culture=neutral, PublicKeyToken=b03f5f7f11d50a3a" className="TestEZMoney.EZMoneyModelTest, TestEZMoney, Version=1.0.0.0, Culture=neutral, PublicKeyToken=null" name="GetCategoryModelTest" />
    </UnitTest>
    <UnitTest name="GetExpenseTest" storage="d:\desktop\githubrepositories\ezmoney\ezmoney\testezmoney\bin\debug\testezmoney.dll" id="b3053f22-9278-9467-c301-e74748f4cbe1">
      <Execution id="6ef2ce4c-e7e2-490d-917e-b2bc472d9a50" />
      <TestMethod codeBase="D:/Desktop/GitHubRepositories/ezMoney/ezMoney/TestEZMoney/bin/Debug/TestEZMoney.DLL" adapterTypeName="Microsoft.VisualStudio.TestTools.TestTypes.Unit.UnitTestAdapter, Microsoft.VisualStudio.QualityTools.Tips.UnitTest.Adapter, Version=10.0.0.0, Culture=neutral, PublicKeyToken=b03f5f7f11d50a3a" className="TestEZMoney.StatisticModelTest, TestEZMoney, Version=1.0.0.0, Culture=neutral, PublicKeyToken=null" name="GetExpenseTest" />
    </UnitTest>
    <UnitTest name="GetAmountsTest" storage="d:\desktop\githubrepositories\ezmoney\ezmoney\testezmoney\bin\debug\testezmoney.dll" id="4c120bd0-192a-f6ad-b54e-ad653ce85d9d">
      <Execution id="cb9ce480-9ac9-4017-a604-830a732f0a33" />
      <TestMethod codeBase="D:/Desktop/GitHubRepositories/ezMoney/ezMoney/TestEZMoney/bin/Debug/TestEZMoney.DLL" adapterTypeName="Microsoft.VisualStudio.TestTools.TestTypes.Unit.UnitTestAdapter, Microsoft.VisualStudio.QualityTools.Tips.UnitTest.Adapter, Version=10.0.0.0, Culture=neutral, PublicKeyToken=b03f5f7f11d50a3a" className="TestEZMoney.StatisticModelTest, TestEZMoney, Version=1.0.0.0, Culture=neutral, PublicKeyToken=null" name="GetAmountsTest" />
    </UnitTest>
    <UnitTest name="GetAmountTest" storage="d:\desktop\githubrepositories\ezmoney\ezmoney\testezmoney\bin\debug\testezmoney.dll" id="b50a1ba1-45f3-8758-046a-23678c734d01">
      <Execution id="53f4f4a4-863f-4eac-965c-9acd1f6d711b" />
      <TestMethod codeBase="D:/Desktop/GitHubRepositories/ezMoney/ezMoney/TestEZMoney/bin/Debug/TestEZMoney.DLL" adapterTypeName="Microsoft.VisualStudio.TestTools.TestTypes.Unit.UnitTestAdapter, Microsoft.VisualStudio.QualityTools.Tips.UnitTest.Adapter, Version=10.0.0.0, Culture=neutral, PublicKeyToken=b03f5f7f11d50a3a" className="TestEZMoney.InformationModelTest, TestEZMoney, Version=1.0.0.0, Culture=neutral, PublicKeyToken=null" name="GetAmountTest" />
    </UnitTest>
    <UnitTest name="AddCategoryTest" storage="d:\desktop\githubrepositories\ezmoney\ezmoney\testezmoney\bin\debug\testezmoney.dll" id="41d244a7-e3cc-3543-7af4-2b014df37b62">
      <Execution id="68a22d41-b3a8-4279-b184-be35fccdbbdc" />
      <TestMethod codeBase="D:/Desktop/GitHubRepositories/ezMoney/ezMoney/TestEZMoney/bin/Debug/TestEZMoney.DLL" adapterTypeName="Microsoft.VisualStudio.TestTools.TestTypes.Unit.UnitTestAdapter, Microsoft.VisualStudio.QualityTools.Tips.UnitTest.Adapter, Version=10.0.0.0, Culture=neutral, PublicKeyToken=b03f5f7f11d50a3a" className="TestEZMoney.CategoryModelTest, TestEZMoney, Version=1.0.0.0, Culture=neutral, PublicKeyToken=null" name="AddCategoryTest" />
    </UnitTest>
    <UnitTest name="AddRecordTest" storage="d:\desktop\githubrepositories\ezmoney\ezmoney\testezmoney\bin\debug\testezmoney.dll" id="d2581d1f-b856-d57a-1aa7-c785831728f9">
      <Execution id="33cc2d3e-17fc-4b96-adb4-82548f5d524f" />
      <TestMethod codeBase="D:/Desktop/GitHubRepositories/ezMoney/ezMoney/TestEZMoney/bin/Debug/TestEZMoney.DLL" adapterTypeName="Microsoft.VisualStudio.TestTools.TestTypes.Unit.UnitTestAdapter, Microsoft.VisualStudio.QualityTools.Tips.UnitTest.Adapter, Version=10.0.0.0, Culture=neutral, PublicKeyToken=b03f5f7f11d50a3a" className="TestEZMoney.EZMoneyModelTest, TestEZMoney, Version=1.0.0.0, Culture=neutral, PublicKeyToken=null" name="AddRecordTest" />
    </UnitTest>
    <UnitTest name="CategoryTest" storage="d:\desktop\githubrepositories\ezmoney\ezmoney\testezmoney\bin\debug\testezmoney.dll" id="e13dfe34-ee77-5bc8-713b-2863090d5471">
      <Execution id="8efab831-c189-48ba-b7d5-597950dd7866" />
      <TestMethod codeBase="D:/Desktop/GitHubRepositories/ezMoney/ezMoney/TestEZMoney/bin/Debug/TestEZMoney.DLL" adapterTypeName="Microsoft.VisualStudio.TestTools.TestTypes.Unit.UnitTestAdapter, Microsoft.VisualStudio.QualityTools.Tips.UnitTest.Adapter, Version=10.0.0.0, Culture=neutral, PublicKeyToken=b03f5f7f11d50a3a" className="TestEZMoney.StatisticTest, TestEZMoney, Version=1.0.0.0, Culture=neutral, PublicKeyToken=null" name="CategoryTest" />
    </UnitTest>
    <UnitTest name="IsValidCategoryAddTest" storage="d:\desktop\githubrepositories\ezmoney\ezmoney\testezmoney\bin\debug\testezmoney.dll" id="0931094b-3b61-b4b8-0873-f4099ecd5d4c">
      <Execution id="63d7ba35-e2e3-4d6c-81ee-56ed3884bd3d" />
      <TestMethod codeBase="D:/Desktop/GitHubRepositories/ezMoney/ezMoney/TestEZMoney/bin/Debug/TestEZMoney.DLL" adapterTypeName="Microsoft.VisualStudio.TestTools.TestTypes.Unit.UnitTestAdapter, Microsoft.VisualStudio.QualityTools.Tips.UnitTest.Adapter, Version=10.0.0.0, Culture=neutral, PublicKeyToken=b03f5f7f11d50a3a" className="TestEZMoney.InformationModelTest, TestEZMoney, Version=1.0.0.0, Culture=neutral, PublicKeyToken=null" name="IsValidCategoryAddTest" />
    </UnitTest>
    <UnitTest name="AmountsTest" storage="d:\desktop\githubrepositories\ezmoney\ezmoney\testezmoney\bin\debug\testezmoney.dll" id="c08601fa-e2ca-6b69-d339-98b3ccb9dfc5">
      <Execution id="731029d5-7180-4b31-a21d-7115be1099c9" />
      <TestMethod codeBase="D:/Desktop/GitHubRepositories/ezMoney/ezMoney/TestEZMoney/bin/Debug/TestEZMoney.DLL" adapterTypeName="Microsoft.VisualStudio.TestTools.TestTypes.Unit.UnitTestAdapter, Microsoft.VisualStudio.QualityTools.Tips.UnitTest.Adapter, Version=10.0.0.0, Culture=neutral, PublicKeyToken=b03f5f7f11d50a3a" className="TestEZMoney.StatisticTest, TestEZMoney, Version=1.0.0.0, Culture=neutral, PublicKeyToken=null" name="AmountsTest" />
    </UnitTest>
    <UnitTest name="CountTest" storage="d:\desktop\githubrepositories\ezmoney\ezmoney\testezmoney\bin\debug\testezmoney.dll" id="fae568e8-7858-4564-7c53-02050778c4dc">
      <Execution id="d707870c-60fb-491d-bcf5-3446c4c12fd9" />
      <TestMethod codeBase="D:/Desktop/GitHubRepositories/ezMoney/ezMoney/TestEZMoney/bin/Debug/TestEZMoney.DLL" adapterTypeName="Microsoft.VisualStudio.TestTools.TestTypes.Unit.UnitTestAdapter, Microsoft.VisualStudio.QualityTools.Tips.UnitTest.Adapter, Version=10.0.0.0, Culture=neutral, PublicKeyToken=b03f5f7f11d50a3a" className="TestEZMoney.StatisticTest, TestEZMoney, Version=1.0.0.0, Culture=neutral, PublicKeyToken=null" name="CountTest" />
    </UnitTest>
    <UnitTest name="IsExistTest" storage="d:\desktop\githubrepositories\ezmoney\ezmoney\testezmoney\bin\debug\testezmoney.dll" id="cfb57f48-7a18-23b3-6961-3e854da8506c">
      <Execution id="55c58386-fc7c-4a58-aed4-de7afcd92114" />
      <TestMethod codeBase="D:/Desktop/GitHubRepositories/ezMoney/ezMoney/TestEZMoney/bin/Debug/TestEZMoney.DLL" adapterTypeName="Microsoft.VisualStudio.TestTools.TestTypes.Unit.UnitTestAdapter, Microsoft.VisualStudio.QualityTools.Tips.UnitTest.Adapter, Version=10.0.0.0, Culture=neutral, PublicKeyToken=b03f5f7f11d50a3a" className="TestEZMoney.CategoryModelTest, TestEZMoney, Version=1.0.0.0, Culture=neutral, PublicKeyToken=null" name="IsExistTest" />
    </UnitTest>
    <UnitTest name="GetBalanceTest" storage="d:\desktop\githubrepositories\ezmoney\ezmoney\testezmoney\bin\debug\testezmoney.dll" id="c5b22390-b403-06b6-7b08-7f2581f78a9f">
      <Execution id="8a7f6863-f6a4-474c-8ef6-06fe5b68c84f" />
      <TestMethod codeBase="D:/Desktop/GitHubRepositories/ezMoney/ezMoney/TestEZMoney/bin/Debug/TestEZMoney.DLL" adapterTypeName="Microsoft.VisualStudio.TestTools.TestTypes.Unit.UnitTestAdapter, Microsoft.VisualStudio.QualityTools.Tips.UnitTest.Adapter, Version=10.0.0.0, Culture=neutral, PublicKeyToken=b03f5f7f11d50a3a" className="TestEZMoney.StatisticModelTest, TestEZMoney, Version=1.0.0.0, Culture=neutral, PublicKeyToken=null" name="GetBalanceTest" />
    </UnitTest>
    <UnitTest name="GetStatisticDataGridViewDataSourceTest" storage="d:\desktop\githubrepositories\ezmoney\ezmoney\testezmoney\bin\debug\testezmoney.dll" id="4ed46085-d240-d4ad-6bbd-ecc4826ca41e">
      <Execution id="a1351784-d0c2-475f-a10e-c2ab5cd57645" />
      <TestMethod codeBase="D:/Desktop/GitHubRepositories/ezMoney/ezMoney/TestEZMoney/bin/Debug/TestEZMoney.DLL" adapterTypeName="Microsoft.VisualStudio.TestTools.TestTypes.Unit.UnitTestAdapter, Microsoft.VisualStudio.QualityTools.Tips.UnitTest.Adapter, Version=10.0.0.0, Culture=neutral, PublicKeyToken=b03f5f7f11d50a3a" className="TestEZMoney.StatisticModelTest, TestEZMoney, Version=1.0.0.0, Culture=neutral, PublicKeyToken=null" name="GetStatisticDataGridViewDataSourceTest" />
    </UnitTest>
    <UnitTest name="GetIncomeTest" storage="d:\desktop\githubrepositories\ezmoney\ezmoney\testezmoney\bin\debug\testezmoney.dll" id="e186dc13-d4a8-b2aa-a20a-0a24ae26ce42">
      <Execution id="d019befc-dfca-4b03-ad73-4c6f468ab48a" />
      <TestMethod codeBase="D:/Desktop/GitHubRepositories/ezMoney/ezMoney/TestEZMoney/bin/Debug/TestEZMoney.DLL" adapterTypeName="Microsoft.VisualStudio.TestTools.TestTypes.Unit.UnitTestAdapter, Microsoft.VisualStudio.QualityTools.Tips.UnitTest.Adapter, Version=10.0.0.0, Culture=neutral, PublicKeyToken=b03f5f7f11d50a3a" className="TestEZMoney.StatisticModelTest, TestEZMoney, Version=1.0.0.0, Culture=neutral, PublicKeyToken=null" name="GetIncomeTest" />
    </UnitTest>
    <UnitTest name="CategoryTest" storage="d:\desktop\githubrepositories\ezmoney\ezmoney\testezmoney\bin\debug\testezmoney.dll" id="4d8a1e67-a741-d1dc-e666-be1101e5eac4">
      <Execution id="a391ca18-6063-40d5-914c-83be1d8b234c" />
      <TestMethod codeBase="D:/Desktop/GitHubRepositories/ezMoney/ezMoney/TestEZMoney/bin/Debug/TestEZMoney.DLL" adapterTypeName="Microsoft.VisualStudio.TestTools.TestTypes.Unit.UnitTestAdapter, Microsoft.VisualStudio.QualityTools.Tips.UnitTest.Adapter, Version=10.0.0.0, Culture=neutral, PublicKeyToken=b03f5f7f11d50a3a" className="TestEZMoney.RecordTest, TestEZMoney, Version=1.0.0.0, Culture=neutral, PublicKeyToken=null" name="CategoryTest" />
    </UnitTest>
    <UnitTest name="DateTest" storage="d:\desktop\githubrepositories\ezmoney\ezmoney\testezmoney\bin\debug\testezmoney.dll" id="2fff3d70-8a91-739b-bf71-7ff50172d6de">
      <Execution id="453b02e3-a6cf-4996-ad93-1fd378fd4758" />
      <TestMethod codeBase="D:/Desktop/GitHubRepositories/ezMoney/ezMoney/TestEZMoney/bin/Debug/TestEZMoney.DLL" adapterTypeName="Microsoft.VisualStudio.TestTools.TestTypes.Unit.UnitTestAdapter, Microsoft.VisualStudio.QualityTools.Tips.UnitTest.Adapter, Version=10.0.0.0, Culture=neutral, PublicKeyToken=b03f5f7f11d50a3a" className="TestEZMoney.RecordTest, TestEZMoney, Version=1.0.0.0, Culture=neutral, PublicKeyToken=null" name="DateTest" />
    </UnitTest>
    <UnitTest name="GetStatisticTest" storage="d:\desktop\githubrepositories\ezmoney\ezmoney\testezmoney\bin\debug\testezmoney.dll" id="555842fa-2d25-35aa-c17b-faa4b06bcc3c">
      <DeploymentItems>
        <DeploymentItem filename="ezMoney.exe" />
      </DeploymentItems>
      <Execution id="c860cf45-8dfa-45fa-b93f-b57cb1d90364" />
      <TestMethod codeBase="D:/Desktop/GitHubRepositories/ezMoney/ezMoney/TestEZMoney/bin/Debug/TestEZMoney.DLL" adapterTypeName="Microsoft.VisualStudio.TestTools.TestTypes.Unit.UnitTestAdapter, Microsoft.VisualStudio.QualityTools.Tips.UnitTest.Adapter, Version=10.0.0.0, Culture=neutral, PublicKeyToken=b03f5f7f11d50a3a" className="TestEZMoney.StatisticModelTest, TestEZMoney, Version=1.0.0.0, Culture=neutral, PublicKeyToken=null" name="GetStatisticTest" />
    </UnitTest>
    <UnitTest name="GetRecordsTest1" storage="d:\desktop\githubrepositories\ezmoney\ezmoney\testezmoney\bin\debug\testezmoney.dll" id="8612f2be-8f63-7d5e-ebd7-3a19cb63d7f9">
      <Execution id="abfc6a7a-229e-481a-aaed-94ec4384f61a" />
      <TestMethod codeBase="D:/Desktop/GitHubRepositories/ezMoney/ezMoney/TestEZMoney/bin/Debug/TestEZMoney.DLL" adapterTypeName="Microsoft.VisualStudio.TestTools.TestTypes.Unit.UnitTestAdapter, Microsoft.VisualStudio.QualityTools.Tips.UnitTest.Adapter, Version=10.0.0.0, Culture=neutral, PublicKeyToken=b03f5f7f11d50a3a" className="TestEZMoney.EZMoneyModelTest, TestEZMoney, Version=1.0.0.0, Culture=neutral, PublicKeyToken=null" name="GetRecordsTest1" />
    </UnitTest>
    <UnitTest name="EZMoneyModelConstructorTest" storage="d:\desktop\githubrepositories\ezmoney\ezmoney\testezmoney\bin\debug\testezmoney.dll" id="313cab06-c5de-8a73-3b5e-61b6150e82a0">
      <Execution id="ea8e2124-b34c-42c1-91aa-585835ddfbcd" />
      <TestMethod codeBase="D:/Desktop/GitHubRepositories/ezMoney/ezMoney/TestEZMoney/bin/Debug/TestEZMoney.DLL" adapterTypeName="Microsoft.VisualStudio.TestTools.TestTypes.Unit.UnitTestAdapter, Microsoft.VisualStudio.QualityTools.Tips.UnitTest.Adapter, Version=10.0.0.0, Culture=neutral, PublicKeyToken=b03f5f7f11d50a3a" className="TestEZMoney.EZMoneyModelTest, TestEZMoney, Version=1.0.0.0, Culture=neutral, PublicKeyToken=null" name="EZMoneyModelConstructorTest" />
    </UnitTest>
    <UnitTest name="GetPositiveRecordsTest" storage="d:\desktop\githubrepositories\ezmoney\ezmoney\testezmoney\bin\debug\testezmoney.dll" id="eee989bd-6a80-d85b-3f16-3dfd7ab1c324">
      <Execution id="d3d9c2e5-1d94-447c-8f0f-6aa86f59e7e2" />
      <TestMethod codeBase="D:/Desktop/GitHubRepositories/ezMoney/ezMoney/TestEZMoney/bin/Debug/TestEZMoney.DLL" adapterTypeName="Microsoft.VisualStudio.TestTools.TestTypes.Unit.UnitTestAdapter, Microsoft.VisualStudio.QualityTools.Tips.UnitTest.Adapter, Version=10.0.0.0, Culture=neutral, PublicKeyToken=b03f5f7f11d50a3a" className="TestEZMoney.RecordModelTest, TestEZMoney, Version=1.0.0.0, Culture=neutral, PublicKeyToken=null" name="GetPositiveRecordsTest" />
    </UnitTest>
    <UnitTest name="GetIncomeStatisticsTest" storage="d:\desktop\githubrepositories\ezmoney\ezmoney\testezmoney\bin\debug\testezmoney.dll" id="45012060-6be2-18b5-9392-a6ace57de7f1">
      <Execution id="5a7a7b12-075e-477a-bec1-77949ac3f380" />
      <TestMethod codeBase="D:/Desktop/GitHubRepositories/ezMoney/ezMoney/TestEZMoney/bin/Debug/TestEZMoney.DLL" adapterTypeName="Microsoft.VisualStudio.TestTools.TestTypes.Unit.UnitTestAdapter, Microsoft.VisualStudio.QualityTools.Tips.UnitTest.Adapter, Version=10.0.0.0, Culture=neutral, PublicKeyToken=b03f5f7f11d50a3a" className="TestEZMoney.StatisticModelTest, TestEZMoney, Version=1.0.0.0, Culture=neutral, PublicKeyToken=null" name="GetIncomeStatisticsTest" />
    </UnitTest>
    <UnitTest name="GetHashCodeTest" storage="d:\desktop\githubrepositories\ezmoney\ezmoney\testezmoney\bin\debug\testezmoney.dll" id="abb1e93d-9f24-6d2a-9e99-4f0f51cac12c">
      <Execution id="a52595cd-7b05-4cd3-963c-3e3e2a1a6ca5" />
      <TestMethod codeBase="D:/Desktop/GitHubRepositories/ezMoney/ezMoney/TestEZMoney/bin/Debug/TestEZMoney.DLL" adapterTypeName="Microsoft.VisualStudio.TestTools.TestTypes.Unit.UnitTestAdapter, Microsoft.VisualStudio.QualityTools.Tips.UnitTest.Adapter, Version=10.0.0.0, Culture=neutral, PublicKeyToken=b03f5f7f11d50a3a" className="TestEZMoney.CategoryTest, TestEZMoney, Version=1.0.0.0, Culture=neutral, PublicKeyToken=null" name="GetHashCodeTest" />
    </UnitTest>
    <UnitTest name="GetStatisticModelTest" storage="d:\desktop\githubrepositories\ezmoney\ezmoney\testezmoney\bin\debug\testezmoney.dll" id="a83ff9cb-2c44-dc59-36ae-98ed0ad10991">
      <Execution id="dea016f9-ce67-4eb5-8108-5d90c69da052" />
      <TestMethod codeBase="D:/Desktop/GitHubRepositories/ezMoney/ezMoney/TestEZMoney/bin/Debug/TestEZMoney.DLL" adapterTypeName="Microsoft.VisualStudio.TestTools.TestTypes.Unit.UnitTestAdapter, Microsoft.VisualStudio.QualityTools.Tips.UnitTest.Adapter, Version=10.0.0.0, Culture=neutral, PublicKeyToken=b03f5f7f11d50a3a" className="TestEZMoney.EZMoneyModelTest, TestEZMoney, Version=1.0.0.0, Culture=neutral, PublicKeyToken=null" name="GetStatisticModelTest" />
    </UnitTest>
    <UnitTest name="CategoryNameTest" storage="d:\desktop\githubrepositories\ezmoney\ezmoney\testezmoney\bin\debug\testezmoney.dll" id="07e6a34d-12d4-d88c-cc26-7bf4c189b456">
      <Execution id="c06ca633-7c1a-45df-9f1f-51b5764a2df4" />
      <TestMethod codeBase="D:/Desktop/GitHubRepositories/ezMoney/ezMoney/TestEZMoney/bin/Debug/TestEZMoney.DLL" adapterTypeName="Microsoft.VisualStudio.TestTools.TestTypes.Unit.UnitTestAdapter, Microsoft.VisualStudio.QualityTools.Tips.UnitTest.Adapter, Version=10.0.0.0, Culture=neutral, PublicKeyToken=b03f5f7f11d50a3a" className="TestEZMoney.CategoryTest, TestEZMoney, Version=1.0.0.0, Culture=neutral, PublicKeyToken=null" name="CategoryNameTest" />
    </UnitTest>
    <UnitTest name="GetCategoriesTest" storage="d:\desktop\githubrepositories\ezmoney\ezmoney\testezmoney\bin\debug\testezmoney.dll" id="438cc15e-b3bd-02d0-6d9f-e76978d5582b">
      <Execution id="d326e821-fe4e-4a12-bca0-cf09872a2dbb" />
      <TestMethod codeBase="D:/Desktop/GitHubRepositories/ezMoney/ezMoney/TestEZMoney/bin/Debug/TestEZMoney.DLL" adapterTypeName="Microsoft.VisualStudio.TestTools.TestTypes.Unit.UnitTestAdapter, Microsoft.VisualStudio.QualityTools.Tips.UnitTest.Adapter, Version=10.0.0.0, Culture=neutral, PublicKeyToken=b03f5f7f11d50a3a" className="TestEZMoney.EZMoneyModelTest, TestEZMoney, Version=1.0.0.0, Culture=neutral, PublicKeyToken=null" name="GetCategoriesTest" />
    </UnitTest>
    <UnitTest name="GetCategoryIndexTest" storage="d:\desktop\githubrepositories\ezmoney\ezmoney\testezmoney\bin\debug\testezmoney.dll" id="dc426b2d-1e5c-2277-6ac7-8c4d5eb93b39">
      <Execution id="66f3a058-fdcd-4cb5-badf-236f1ba2b93d" />
      <TestMethod codeBase="D:/Desktop/GitHubRepositories/ezMoney/ezMoney/TestEZMoney/bin/Debug/TestEZMoney.DLL" adapterTypeName="Microsoft.VisualStudio.TestTools.TestTypes.Unit.UnitTestAdapter, Microsoft.VisualStudio.QualityTools.Tips.UnitTest.Adapter, Version=10.0.0.0, Culture=neutral, PublicKeyToken=b03f5f7f11d50a3a" className="TestEZMoney.EZMoneyModelTest, TestEZMoney, Version=1.0.0.0, Culture=neutral, PublicKeyToken=null" name="GetCategoryIndexTest" />
    </UnitTest>
    <UnitTest name="SetPercentTest" storage="d:\desktop\githubrepositories\ezmoney\ezmoney\testezmoney\bin\debug\testezmoney.dll" id="8743b71d-5926-b78d-c573-e5254345d1a2">
      <DeploymentItems>
        <DeploymentItem filename="ezMoney.exe" />
      </DeploymentItems>
      <Execution id="9f7a6f27-6fff-4af3-97a4-d408e18c3aa8" />
      <TestMethod codeBase="D:/Desktop/GitHubRepositories/ezMoney/ezMoney/TestEZMoney/bin/Debug/TestEZMoney.DLL" adapterTypeName="Microsoft.VisualStudio.TestTools.TestTypes.Unit.UnitTestAdapter, Microsoft.VisualStudio.QualityTools.Tips.UnitTest.Adapter, Version=10.0.0.0, Culture=neutral, PublicKeyToken=b03f5f7f11d50a3a" className="TestEZMoney.StatisticModelTest, TestEZMoney, Version=1.0.0.0, Culture=neutral, PublicKeyToken=null" name="SetPercentTest" />
    </UnitTest>
    <UnitTest name="WriteRecordToFileTest" storage="d:\desktop\githubrepositories\ezmoney\ezmoney\testezmoney\bin\debug\testezmoney.dll" id="c5ca2b8f-e709-c820-f97a-a0bb56c92bc5">
      <Execution id="1c63dd19-acca-4943-b9b0-3bfa46f9af23" />
      <TestMethod codeBase="D:/Desktop/GitHubRepositories/ezMoney/ezMoney/TestEZMoney/bin/Debug/TestEZMoney.DLL" adapterTypeName="Microsoft.VisualStudio.TestTools.TestTypes.Unit.UnitTestAdapter, Microsoft.VisualStudio.QualityTools.Tips.UnitTest.Adapter, Version=10.0.0.0, Culture=neutral, PublicKeyToken=b03f5f7f11d50a3a" className="TestEZMoney.EZMoneyModelTest, TestEZMoney, Version=1.0.0.0, Culture=neutral, PublicKeyToken=null" name="WriteRecordToFileTest" />
    </UnitTest>
    <UnitTest name="WriteCategoryToFileTest" storage="d:\desktop\githubrepositories\ezmoney\ezmoney\testezmoney\bin\debug\testezmoney.dll" id="e6841291-87bc-44c9-0de6-c9d9d276bd27">
      <Execution id="404c0fa5-60a9-45a5-bb2c-a8e0fb8e75db" />
      <TestMethod codeBase="D:/Desktop/GitHubRepositories/ezMoney/ezMoney/TestEZMoney/bin/Debug/TestEZMoney.DLL" adapterTypeName="Microsoft.VisualStudio.TestTools.TestTypes.Unit.UnitTestAdapter, Microsoft.VisualStudio.QualityTools.Tips.UnitTest.Adapter, Version=10.0.0.0, Culture=neutral, PublicKeyToken=b03f5f7f11d50a3a" className="TestEZMoney.CategoryModelTest, TestEZMoney, Version=1.0.0.0, Culture=neutral, PublicKeyToken=null" name="WriteCategoryToFileTest" />
    </UnitTest>
    <UnitTest name="AddCategoryTest" storage="d:\desktop\githubrepositories\ezmoney\ezmoney\testezmoney\bin\debug\testezmoney.dll" id="4fc4636a-78c0-4218-adb2-6173283accca">
      <Execution id="a6923fdb-0430-4fd4-9054-e882ecb79e05" />
      <TestMethod codeBase="D:/Desktop/GitHubRepositories/ezMoney/ezMoney/TestEZMoney/bin/Debug/TestEZMoney.DLL" adapterTypeName="Microsoft.VisualStudio.TestTools.TestTypes.Unit.UnitTestAdapter, Microsoft.VisualStudio.QualityTools.Tips.UnitTest.Adapter, Version=10.0.0.0, Culture=neutral, PublicKeyToken=b03f5f7f11d50a3a" className="TestEZMoney.EZMoneyModelTest, TestEZMoney, Version=1.0.0.0, Culture=neutral, PublicKeyToken=null" name="AddCategoryTest" />
    </UnitTest>
    <UnitTest name="ReadRecordFromFileTest" storage="d:\desktop\githubrepositories\ezmoney\ezmoney\testezmoney\bin\debug\testezmoney.dll" id="985ad049-bb35-3360-42f7-3933780d5c59">
      <Execution id="0257b4c8-9802-4a70-9195-b2882b42376f" />
      <TestMethod codeBase="D:/Desktop/GitHubRepositories/ezMoney/ezMoney/TestEZMoney/bin/Debug/TestEZMoney.DLL" adapterTypeName="Microsoft.VisualStudio.TestTools.TestTypes.Unit.UnitTestAdapter, Microsoft.VisualStudio.QualityTools.Tips.UnitTest.Adapter, Version=10.0.0.0, Culture=neutral, PublicKeyToken=b03f5f7f11d50a3a" className="TestEZMoney.RecordModelTest, TestEZMoney, Version=1.0.0.0, Culture=neutral, PublicKeyToken=null" name="ReadRecordFromFileTest" />
    </UnitTest>
    <UnitTest name="GetRecordsTest1" storage="d:\desktop\githubrepositories\ezmoney\ezmoney\testezmoney\bin\debug\testezmoney.dll" id="4c835668-35ae-5c48-78a8-686b3f511511">
      <Execution id="98f4db86-25c7-406e-be42-0a3ca9c0dcaa" />
      <TestMethod codeBase="D:/Desktop/GitHubRepositories/ezMoney/ezMoney/TestEZMoney/bin/Debug/TestEZMoney.DLL" adapterTypeName="Microsoft.VisualStudio.TestTools.TestTypes.Unit.UnitTestAdapter, Microsoft.VisualStudio.QualityTools.Tips.UnitTest.Adapter, Version=10.0.0.0, Culture=neutral, PublicKeyToken=b03f5f7f11d50a3a" className="TestEZMoney.RecordModelTest, TestEZMoney, Version=1.0.0.0, Culture=neutral, PublicKeyToken=null" name="GetRecordsTest1" />
    </UnitTest>
    <UnitTest name="GetRecordsTest2" storage="d:\desktop\githubrepositories\ezmoney\ezmoney\testezmoney\bin\debug\testezmoney.dll" id="22da6018-ec09-dae5-62eb-931f2b883997">
      <Execution id="4c9b2c8b-4fe4-4a6c-8696-6cae90caef67" />
      <TestMethod codeBase="D:/Desktop/GitHubRepositories/ezMoney/ezMoney/TestEZMoney/bin/Debug/TestEZMoney.DLL" adapterTypeName="Microsoft.VisualStudio.TestTools.TestTypes.Unit.UnitTestAdapter, Microsoft.VisualStudio.QualityTools.Tips.UnitTest.Adapter, Version=10.0.0.0, Culture=neutral, PublicKeyToken=b03f5f7f11d50a3a" className="TestEZMoney.RecordModelTest, TestEZMoney, Version=1.0.0.0, Culture=neutral, PublicKeyToken=null" name="GetRecordsTest2" />
    </UnitTest>
    <UnitTest name="GetCategoryTest" storage="d:\desktop\githubrepositories\ezmoney\ezmoney\testezmoney\bin\debug\testezmoney.dll" id="2b33dc95-1dd8-69e9-fc44-d49069202e8d">
      <Execution id="2814763f-2e82-42c1-aa64-c87ea616dcf6" />
      <TestMethod codeBase="D:/Desktop/GitHubRepositories/ezMoney/ezMoney/TestEZMoney/bin/Debug/TestEZMoney.DLL" adapterTypeName="Microsoft.VisualStudio.TestTools.TestTypes.Unit.UnitTestAdapter, Microsoft.VisualStudio.QualityTools.Tips.UnitTest.Adapter, Version=10.0.0.0, Culture=neutral, PublicKeyToken=b03f5f7f11d50a3a" className="TestEZMoney.CategoryModelTest, TestEZMoney, Version=1.0.0.0, Culture=neutral, PublicKeyToken=null" name="GetCategoryTest" />
    </UnitTest>
    <UnitTest name="GetNegativeRecordsTest" storage="d:\desktop\githubrepositories\ezmoney\ezmoney\testezmoney\bin\debug\testezmoney.dll" id="ceb0e51e-614c-8f34-d82a-4c54d316785b">
      <Execution id="667c8bf8-4086-4be7-80f7-f8018d5365db" />
      <TestMethod codeBase="D:/Desktop/GitHubRepositories/ezMoney/ezMoney/TestEZMoney/bin/Debug/TestEZMoney.DLL" adapterTypeName="Microsoft.VisualStudio.TestTools.TestTypes.Unit.UnitTestAdapter, Microsoft.VisualStudio.QualityTools.Tips.UnitTest.Adapter, Version=10.0.0.0, Culture=neutral, PublicKeyToken=b03f5f7f11d50a3a" className="TestEZMoney.RecordModelTest, TestEZMoney, Version=1.0.0.0, Culture=neutral, PublicKeyToken=null" name="GetNegativeRecordsTest" />
    </UnitTest>
    <UnitTest name="GetRecordsTest3" storage="d:\desktop\githubrepositories\ezmoney\ezmoney\testezmoney\bin\debug\testezmoney.dll" id="6e12922e-f637-e0ab-2bbc-896f100fe096">
      <Execution id="e880d1eb-73d7-4689-a329-43b2c1c45b35" />
      <TestMethod codeBase="D:/Desktop/GitHubRepositories/ezMoney/ezMoney/TestEZMoney/bin/Debug/TestEZMoney.DLL" adapterTypeName="Microsoft.VisualStudio.TestTools.TestTypes.Unit.UnitTestAdapter, Microsoft.VisualStudio.QualityTools.Tips.UnitTest.Adapter, Version=10.0.0.0, Culture=neutral, PublicKeyToken=b03f5f7f11d50a3a" className="TestEZMoney.RecordModelTest, TestEZMoney, Version=1.0.0.0, Culture=neutral, PublicKeyToken=null" name="GetRecordsTest3" />
    </UnitTest>
    <UnitTest name="AmountTest" storage="d:\desktop\githubrepositories\ezmoney\ezmoney\testezmoney\bin\debug\testezmoney.dll" id="c0746781-6825-d26a-5c81-52f601d3f840">
      <Execution id="1e3b5670-9c41-4d13-b628-209ec3965691" />
      <TestMethod codeBase="D:/Desktop/GitHubRepositories/ezMoney/ezMoney/TestEZMoney/bin/Debug/TestEZMoney.DLL" adapterTypeName="Microsoft.VisualStudio.TestTools.TestTypes.Unit.UnitTestAdapter, Microsoft.VisualStudio.QualityTools.Tips.UnitTest.Adapter, Version=10.0.0.0, Culture=neutral, PublicKeyToken=b03f5f7f11d50a3a" className="TestEZMoney.RecordTest, TestEZMoney, Version=1.0.0.0, Culture=neutral, PublicKeyToken=null" name="AmountTest" />
    </UnitTest>
    <UnitTest name="IsValidRecordAddTest" storage="d:\desktop\githubrepositories\ezmoney\ezmoney\testezmoney\bin\debug\testezmoney.dll" id="5070df1b-9d86-cdf0-2681-ac5b90a53c61">
      <Execution id="efbe31d4-548f-44fa-8a83-5cbc4fd3b0ef" />
      <TestMethod codeBase="D:/Desktop/GitHubRepositories/ezMoney/ezMoney/TestEZMoney/bin/Debug/TestEZMoney.DLL" adapterTypeName="Microsoft.VisualStudio.TestTools.TestTypes.Unit.UnitTestAdapter, Microsoft.VisualStudio.QualityTools.Tips.UnitTest.Adapter, Version=10.0.0.0, Culture=neutral, PublicKeyToken=b03f5f7f11d50a3a" className="TestEZMoney.InformationModelTest, TestEZMoney, Version=1.0.0.0, Culture=neutral, PublicKeyToken=null" name="IsValidRecordAddTest" />
    </UnitTest>
    <UnitTest name="EqualsTest" storage="d:\desktop\githubrepositories\ezmoney\ezmoney\testezmoney\bin\debug\testezmoney.dll" id="0393df5a-fa0b-3296-acc0-c8cfc4b7d946">
      <Execution id="46446966-c6ac-449a-9474-17990725fa2b" />
      <TestMethod codeBase="D:/Desktop/GitHubRepositories/ezMoney/ezMoney/TestEZMoney/bin/Debug/TestEZMoney.DLL" adapterTypeName="Microsoft.VisualStudio.TestTools.TestTypes.Unit.UnitTestAdapter, Microsoft.VisualStudio.QualityTools.Tips.UnitTest.Adapter, Version=10.0.0.0, Culture=neutral, PublicKeyToken=b03f5f7f11d50a3a" className="TestEZMoney.CategoryTest, TestEZMoney, Version=1.0.0.0, Culture=neutral, PublicKeyToken=null" name="EqualsTest" />
    </UnitTest>
    <UnitTest name="WriteRecordToFileTest" storage="d:\desktop\githubrepositories\ezmoney\ezmoney\testezmoney\bin\debug\testezmoney.dll" id="9c7f7ff2-c648-ab17-bf0b-fe1837c9864c">
      <Execution id="30a152d6-4196-4d12-97f0-db1362a86ee7" />
      <TestMethod codeBase="D:/Desktop/GitHubRepositories/ezMoney/ezMoney/TestEZMoney/bin/Debug/TestEZMoney.DLL" adapterTypeName="Microsoft.VisualStudio.TestTools.TestTypes.Unit.UnitTestAdapter, Microsoft.VisualStudio.QualityTools.Tips.UnitTest.Adapter, Version=10.0.0.0, Culture=neutral, PublicKeyToken=b03f5f7f11d50a3a" className="TestEZMoney.RecordModelTest, TestEZMoney, Version=1.0.0.0, Culture=neutral, PublicKeyToken=null" name="WriteRecordToFileTest" />
    </UnitTest>
    <UnitTest name="GetInformationModelTest" storage="d:\desktop\githubrepositories\ezmoney\ezmoney\testezmoney\bin\debug\testezmoney.dll" id="afd3f908-844e-45d3-d3c9-74714f9775ee">
      <Execution id="1a43b175-6a28-4e77-ab11-cf4eb51ca239" />
      <TestMethod codeBase="D:/Desktop/GitHubRepositories/ezMoney/ezMoney/TestEZMoney/bin/Debug/TestEZMoney.DLL" adapterTypeName="Microsoft.VisualStudio.TestTools.TestTypes.Unit.UnitTestAdapter, Microsoft.VisualStudio.QualityTools.Tips.UnitTest.Adapter, Version=10.0.0.0, Culture=neutral, PublicKeyToken=b03f5f7f11d50a3a" className="TestEZMoney.EZMoneyModelTest, TestEZMoney, Version=1.0.0.0, Culture=neutral, PublicKeyToken=null" name="GetInformationModelTest" />
    </UnitTest>
    <UnitTest name="GetRecordsTest" storage="d:\desktop\githubrepositories\ezmoney\ezmoney\testezmoney\bin\debug\testezmoney.dll" id="f8eafeb8-ea36-d2b9-e132-8cd977c7038e">
      <Execution id="5eafb7f7-89cf-4ba7-9eda-c7693da50cf3" />
      <TestMethod codeBase="D:/Desktop/GitHubRepositories/ezMoney/ezMoney/TestEZMoney/bin/Debug/TestEZMoney.DLL" adapterTypeName="Microsoft.VisualStudio.TestTools.TestTypes.Unit.UnitTestAdapter, Microsoft.VisualStudio.QualityTools.Tips.UnitTest.Adapter, Version=10.0.0.0, Culture=neutral, PublicKeyToken=b03f5f7f11d50a3a" className="TestEZMoney.EZMoneyModelTest, TestEZMoney, Version=1.0.0.0, Culture=neutral, PublicKeyToken=null" name="GetRecordsTest" />
    </UnitTest>
    <UnitTest name="ReadCategoryFromFileTest" storage="d:\desktop\githubrepositories\ezmoney\ezmoney\testezmoney\bin\debug\testezmoney.dll" id="ae8fa765-c6e3-3fd5-db33-812913565c79">
      <Execution id="a618c369-593f-4a2f-b864-9b6a61c6cbcb" />
      <TestMethod codeBase="D:/Desktop/GitHubRepositories/ezMoney/ezMoney/TestEZMoney/bin/Debug/TestEZMoney.DLL" adapterTypeName="Microsoft.VisualStudio.TestTools.TestTypes.Unit.UnitTestAdapter, Microsoft.VisualStudio.QualityTools.Tips.UnitTest.Adapter, Version=10.0.0.0, Culture=neutral, PublicKeyToken=b03f5f7f11d50a3a" className="TestEZMoney.CategoryModelTest, TestEZMoney, Version=1.0.0.0, Culture=neutral, PublicKeyToken=null" name="ReadCategoryFromFileTest" />
    </UnitTest>
    <UnitTest name="AddRecordTest" storage="d:\desktop\githubrepositories\ezmoney\ezmoney\testezmoney\bin\debug\testezmoney.dll" id="14b81e4d-396f-3c8f-d4e8-0dc7ed2d0ceb">
      <Execution id="096c474b-e63b-4e23-8b4c-acc7bc24f9ac" />
      <TestMethod codeBase="D:/Desktop/GitHubRepositories/ezMoney/ezMoney/TestEZMoney/bin/Debug/TestEZMoney.DLL" adapterTypeName="Microsoft.VisualStudio.TestTools.TestTypes.Unit.UnitTestAdapter, Microsoft.VisualStudio.QualityTools.Tips.UnitTest.Adapter, Version=10.0.0.0, Culture=neutral, PublicKeyToken=b03f5f7f11d50a3a" className="TestEZMoney.RecordModelTest, TestEZMoney, Version=1.0.0.0, Culture=neutral, PublicKeyToken=null" name="AddRecordTest" />
    </UnitTest>
  </TestDefinitions>
  <TestLists>
    <TestList name="不在清單中的結果" id="8c84fa94-04c1-424b-9868-57a2d4851a1d" />
    <TestList name="所有載入的結果" id="19431567-8539-422a-85d7-44ee4e166bda" />
  </TestLists>
  <TestEntries>
    <TestEntry testId="0393df5a-fa0b-3296-acc0-c8cfc4b7d946" executionId="46446966-c6ac-449a-9474-17990725fa2b" testListId="8c84fa94-04c1-424b-9868-57a2d4851a1d" />
    <TestEntry testId="07e6a34d-12d4-d88c-cc26-7bf4c189b456" executionId="c06ca633-7c1a-45df-9f1f-51b5764a2df4" testListId="8c84fa94-04c1-424b-9868-57a2d4851a1d" />
    <TestEntry testId="0931094b-3b61-b4b8-0873-f4099ecd5d4c" executionId="63d7ba35-e2e3-4d6c-81ee-56ed3884bd3d" testListId="8c84fa94-04c1-424b-9868-57a2d4851a1d" />
    <TestEntry testId="14b81e4d-396f-3c8f-d4e8-0dc7ed2d0ceb" executionId="096c474b-e63b-4e23-8b4c-acc7bc24f9ac" testListId="8c84fa94-04c1-424b-9868-57a2d4851a1d" />
    <TestEntry testId="22da6018-ec09-dae5-62eb-931f2b883997" executionId="4c9b2c8b-4fe4-4a6c-8696-6cae90caef67" testListId="8c84fa94-04c1-424b-9868-57a2d4851a1d" />
    <TestEntry testId="2b33dc95-1dd8-69e9-fc44-d49069202e8d" executionId="2814763f-2e82-42c1-aa64-c87ea616dcf6" testListId="8c84fa94-04c1-424b-9868-57a2d4851a1d" />
    <TestEntry testId="2fff3d70-8a91-739b-bf71-7ff50172d6de" executionId="453b02e3-a6cf-4996-ad93-1fd378fd4758" testListId="8c84fa94-04c1-424b-9868-57a2d4851a1d" />
    <TestEntry testId="313cab06-c5de-8a73-3b5e-61b6150e82a0" executionId="ea8e2124-b34c-42c1-91aa-585835ddfbcd" testListId="8c84fa94-04c1-424b-9868-57a2d4851a1d" />
    <TestEntry testId="3a174999-523f-75e1-819b-4e6fac788c64" executionId="c7cd5c1f-dac1-4eed-995a-c94d04f8f3ee" testListId="8c84fa94-04c1-424b-9868-57a2d4851a1d" />
    <TestEntry testId="41d244a7-e3cc-3543-7af4-2b014df37b62" executionId="68a22d41-b3a8-4279-b184-be35fccdbbdc" testListId="8c84fa94-04c1-424b-9868-57a2d4851a1d" />
    <TestEntry testId="438cc15e-b3bd-02d0-6d9f-e76978d5582b" executionId="d326e821-fe4e-4a12-bca0-cf09872a2dbb" testListId="8c84fa94-04c1-424b-9868-57a2d4851a1d" />
    <TestEntry testId="45012060-6be2-18b5-9392-a6ace57de7f1" executionId="5a7a7b12-075e-477a-bec1-77949ac3f380" testListId="8c84fa94-04c1-424b-9868-57a2d4851a1d" />
    <TestEntry testId="4c120bd0-192a-f6ad-b54e-ad653ce85d9d" executionId="cb9ce480-9ac9-4017-a604-830a732f0a33" testListId="8c84fa94-04c1-424b-9868-57a2d4851a1d" />
    <TestEntry testId="4c7cc9a3-a41a-0458-944d-2dfab50e312d" executionId="ca4bcb5d-e0bf-4259-b82a-517636d97d83" testListId="8c84fa94-04c1-424b-9868-57a2d4851a1d" />
    <TestEntry testId="4c835668-35ae-5c48-78a8-686b3f511511" executionId="98f4db86-25c7-406e-be42-0a3ca9c0dcaa" testListId="8c84fa94-04c1-424b-9868-57a2d4851a1d" />
    <TestEntry testId="4d8a1e67-a741-d1dc-e666-be1101e5eac4" executionId="a391ca18-6063-40d5-914c-83be1d8b234c" testListId="8c84fa94-04c1-424b-9868-57a2d4851a1d" />
    <TestEntry testId="4ed46085-d240-d4ad-6bbd-ecc4826ca41e" executionId="a1351784-d0c2-475f-a10e-c2ab5cd57645" testListId="8c84fa94-04c1-424b-9868-57a2d4851a1d" />
    <TestEntry testId="4fc4636a-78c0-4218-adb2-6173283accca" executionId="a6923fdb-0430-4fd4-9054-e882ecb79e05" testListId="8c84fa94-04c1-424b-9868-57a2d4851a1d" />
    <TestEntry testId="5070df1b-9d86-cdf0-2681-ac5b90a53c61" executionId="efbe31d4-548f-44fa-8a83-5cbc4fd3b0ef" testListId="8c84fa94-04c1-424b-9868-57a2d4851a1d" />
    <TestEntry testId="555842fa-2d25-35aa-c17b-faa4b06bcc3c" executionId="c860cf45-8dfa-45fa-b93f-b57cb1d90364" testListId="8c84fa94-04c1-424b-9868-57a2d4851a1d" />
    <TestEntry testId="5f8b567f-98c3-ae13-5477-27a372c3a9a2" executionId="2041bafd-69d7-4ef0-a8ef-cb415df98ed3" testListId="8c84fa94-04c1-424b-9868-57a2d4851a1d" />
    <TestEntry testId="6e12922e-f637-e0ab-2bbc-896f100fe096" executionId="e880d1eb-73d7-4689-a329-43b2c1c45b35" testListId="8c84fa94-04c1-424b-9868-57a2d4851a1d" />
    <TestEntry testId="74efd12a-9c71-71c4-7dc6-67bf8631fefb" executionId="390374ff-910e-46bb-b2da-74047aa6fae4" testListId="8c84fa94-04c1-424b-9868-57a2d4851a1d" />
    <TestEntry testId="78dd5f9d-13bb-9546-be81-14ebcc0b1c0c" executionId="1287ffbb-f6ee-404b-9e63-9fc68856585c" testListId="8c84fa94-04c1-424b-9868-57a2d4851a1d" />
    <TestEntry testId="7d3e6c23-29df-0d58-ab46-c33cfd104620" executionId="1117ffe5-be62-4498-87d8-46c9bd4c895c" testListId="8c84fa94-04c1-424b-9868-57a2d4851a1d" />
    <TestEntry testId="8612f2be-8f63-7d5e-ebd7-3a19cb63d7f9" executionId="abfc6a7a-229e-481a-aaed-94ec4384f61a" testListId="8c84fa94-04c1-424b-9868-57a2d4851a1d" />
    <TestEntry testId="8743b71d-5926-b78d-c573-e5254345d1a2" executionId="9f7a6f27-6fff-4af3-97a4-d408e18c3aa8" testListId="8c84fa94-04c1-424b-9868-57a2d4851a1d" />
    <TestEntry testId="88b35f6f-ad01-e7b6-8824-0c819dab486a" executionId="a85225f9-ed55-4663-86b6-eba9a55ea92a" testListId="8c84fa94-04c1-424b-9868-57a2d4851a1d" />
    <TestEntry testId="985ad049-bb35-3360-42f7-3933780d5c59" executionId="0257b4c8-9802-4a70-9195-b2882b42376f" testListId="8c84fa94-04c1-424b-9868-57a2d4851a1d" />
    <TestEntry testId="9c7f7ff2-c648-ab17-bf0b-fe1837c9864c" executionId="30a152d6-4196-4d12-97f0-db1362a86ee7" testListId="8c84fa94-04c1-424b-9868-57a2d4851a1d" />
    <TestEntry testId="a83ff9cb-2c44-dc59-36ae-98ed0ad10991" executionId="dea016f9-ce67-4eb5-8108-5d90c69da052" testListId="8c84fa94-04c1-424b-9868-57a2d4851a1d" />
    <TestEntry testId="abb1e93d-9f24-6d2a-9e99-4f0f51cac12c" executionId="a52595cd-7b05-4cd3-963c-3e3e2a1a6ca5" testListId="8c84fa94-04c1-424b-9868-57a2d4851a1d" />
    <TestEntry testId="ae8fa765-c6e3-3fd5-db33-812913565c79" executionId="a618c369-593f-4a2f-b864-9b6a61c6cbcb" testListId="8c84fa94-04c1-424b-9868-57a2d4851a1d" />
    <TestEntry testId="afd3f908-844e-45d3-d3c9-74714f9775ee" executionId="1a43b175-6a28-4e77-ab11-cf4eb51ca239" testListId="8c84fa94-04c1-424b-9868-57a2d4851a1d" />
    <TestEntry testId="b3053f22-9278-9467-c301-e74748f4cbe1" executionId="6ef2ce4c-e7e2-490d-917e-b2bc472d9a50" testListId="8c84fa94-04c1-424b-9868-57a2d4851a1d" />
    <TestEntry testId="b50a1ba1-45f3-8758-046a-23678c734d01" executionId="53f4f4a4-863f-4eac-965c-9acd1f6d711b" testListId="8c84fa94-04c1-424b-9868-57a2d4851a1d" />
    <TestEntry testId="c0746781-6825-d26a-5c81-52f601d3f840" executionId="1e3b5670-9c41-4d13-b628-209ec3965691" testListId="8c84fa94-04c1-424b-9868-57a2d4851a1d" />
    <TestEntry testId="c08601fa-e2ca-6b69-d339-98b3ccb9dfc5" executionId="731029d5-7180-4b31-a21d-7115be1099c9" testListId="8c84fa94-04c1-424b-9868-57a2d4851a1d" />
    <TestEntry testId="c0f06d6c-dcd7-4804-00f4-8b52a6b0ab52" executionId="6e8bb8a0-0455-4edb-9f46-6596057736fd" testListId="8c84fa94-04c1-424b-9868-57a2d4851a1d" />
    <TestEntry testId="c5b22390-b403-06b6-7b08-7f2581f78a9f" executionId="8a7f6863-f6a4-474c-8ef6-06fe5b68c84f" testListId="8c84fa94-04c1-424b-9868-57a2d4851a1d" />
    <TestEntry testId="c5ca2b8f-e709-c820-f97a-a0bb56c92bc5" executionId="1c63dd19-acca-4943-b9b0-3bfa46f9af23" testListId="8c84fa94-04c1-424b-9868-57a2d4851a1d" />
    <TestEntry testId="ceb0e51e-614c-8f34-d82a-4c54d316785b" executionId="667c8bf8-4086-4be7-80f7-f8018d5365db" testListId="8c84fa94-04c1-424b-9868-57a2d4851a1d" />
    <TestEntry testId="cfb57f48-7a18-23b3-6961-3e854da8506c" executionId="55c58386-fc7c-4a58-aed4-de7afcd92114" testListId="8c84fa94-04c1-424b-9868-57a2d4851a1d" />
    <TestEntry testId="d2581d1f-b856-d57a-1aa7-c785831728f9" executionId="33cc2d3e-17fc-4b96-adb4-82548f5d524f" testListId="8c84fa94-04c1-424b-9868-57a2d4851a1d" />
    <TestEntry testId="dc426b2d-1e5c-2277-6ac7-8c4d5eb93b39" executionId="66f3a058-fdcd-4cb5-badf-236f1ba2b93d" testListId="8c84fa94-04c1-424b-9868-57a2d4851a1d" />
    <TestEntry testId="e13dfe34-ee77-5bc8-713b-2863090d5471" executionId="8efab831-c189-48ba-b7d5-597950dd7866" testListId="8c84fa94-04c1-424b-9868-57a2d4851a1d" />
    <TestEntry testId="e186dc13-d4a8-b2aa-a20a-0a24ae26ce42" executionId="d019befc-dfca-4b03-ad73-4c6f468ab48a" testListId="8c84fa94-04c1-424b-9868-57a2d4851a1d" />
    <TestEntry testId="e6841291-87bc-44c9-0de6-c9d9d276bd27" executionId="404c0fa5-60a9-45a5-bb2c-a8e0fb8e75db" testListId="8c84fa94-04c1-424b-9868-57a2d4851a1d" />
    <TestEntry testId="e81eabcf-b83c-e229-b61a-105cd01ce1b6" executionId="0a82d93b-02d6-4501-8cf1-91a715d93870" testListId="8c84fa94-04c1-424b-9868-57a2d4851a1d" />
    <TestEntry testId="eee989bd-6a80-d85b-3f16-3dfd7ab1c324" executionId="d3d9c2e5-1d94-447c-8f0f-6aa86f59e7e2" testListId="8c84fa94-04c1-424b-9868-57a2d4851a1d" />
    <TestEntry testId="f8eafeb8-ea36-d2b9-e132-8cd977c7038e" executionId="5eafb7f7-89cf-4ba7-9eda-c7693da50cf3" testListId="8c84fa94-04c1-424b-9868-57a2d4851a1d" />
    <TestEntry testId="fae568e8-7858-4564-7c53-02050778c4dc" executionId="d707870c-60fb-491d-bcf5-3446c4c12fd9" testListId="8c84fa94-04c1-424b-9868-57a2d4851a1d" />
  </TestEntries>
  <Results>
    <UnitTestResult executionId="46446966-c6ac-449a-9474-17990725fa2b" testId="0393df5a-fa0b-3296-acc0-c8cfc4b7d946" testName="EqualsTest" computerName="MEOW-PC" duration="00:00:00.0259894" startTime="2012-10-21T18:04:55.5549406+08:00" endTime="2012-10-21T18:04:55.8045410+08:00" testType="13cdc9d9-ddb5-4fa4-a97d-d965ccfc6d4b" outcome="Passed" testListId="8c84fa94-04c1-424b-9868-57a2d4851a1d" relativeResultsDirectory="46446966-c6ac-449a-9474-17990725fa2b">
    </UnitTestResult>
    <UnitTestResult executionId="c06ca633-7c1a-45df-9f1f-51b5764a2df4" testId="07e6a34d-12d4-d88c-cc26-7bf4c189b456" testName="CategoryNameTest" computerName="MEOW-PC" duration="00:00:00.0005658" startTime="2012-10-21T18:04:55.8201410+08:00" endTime="2012-10-21T18:04:55.8201410+08:00" testType="13cdc9d9-ddb5-4fa4-a97d-d965ccfc6d4b" outcome="Passed" testListId="8c84fa94-04c1-424b-9868-57a2d4851a1d" relativeResultsDirectory="c06ca633-7c1a-45df-9f1f-51b5764a2df4">
    </UnitTestResult>
    <UnitTestResult executionId="63d7ba35-e2e3-4d6c-81ee-56ed3884bd3d" testId="0931094b-3b61-b4b8-0873-f4099ecd5d4c" testName="IsValidCategoryAddTest" computerName="MEOW-PC" duration="00:00:00.0030691" startTime="2012-10-21T18:04:55.8357411+08:00" endTime="2012-10-21T18:04:55.8357411+08:00" testType="13cdc9d9-ddb5-4fa4-a97d-d965ccfc6d4b" outcome="Passed" testListId="8c84fa94-04c1-424b-9868-57a2d4851a1d" relativeResultsDirectory="63d7ba35-e2e3-4d6c-81ee-56ed3884bd3d">
    </UnitTestResult>
    <UnitTestResult executionId="096c474b-e63b-4e23-8b4c-acc7bc24f9ac" testId="14b81e4d-396f-3c8f-d4e8-0dc7ed2d0ceb" testName="AddRecordTest" computerName="MEOW-PC" duration="00:00:00.0030742" startTime="2012-10-21T18:04:55.8357411+08:00" endTime="2012-10-21T18:04:55.8513411+08:00" testType="13cdc9d9-ddb5-4fa4-a97d-d965ccfc6d4b" outcome="Passed" testListId="8c84fa94-04c1-424b-9868-57a2d4851a1d" relativeResultsDirectory="096c474b-e63b-4e23-8b4c-acc7bc24f9ac">
    </UnitTestResult>
    <UnitTestResult executionId="4c9b2c8b-4fe4-4a6c-8696-6cae90caef67" testId="22da6018-ec09-dae5-62eb-931f2b883997" testName="GetRecordsTest2" computerName="MEOW-PC" duration="00:00:00.0030602" startTime="2012-10-21T18:04:55.8513411+08:00" endTime="2012-10-21T18:04:55.8669411+08:00" testType="13cdc9d9-ddb5-4fa4-a97d-d965ccfc6d4b" outcome="Passed" testListId="8c84fa94-04c1-424b-9868-57a2d4851a1d" relativeResultsDirectory="4c9b2c8b-4fe4-4a6c-8696-6cae90caef67">
    </UnitTestResult>
    <UnitTestResult executionId="2814763f-2e82-42c1-aa64-c87ea616dcf6" testId="2b33dc95-1dd8-69e9-fc44-d49069202e8d" testName="GetCategoryTest" computerName="MEOW-PC" duration="00:00:00.0076096" startTime="2012-10-21T18:04:55.8669411+08:00" endTime="2012-10-21T18:04:55.8669411+08:00" testType="13cdc9d9-ddb5-4fa4-a97d-d965ccfc6d4b" outcome="Passed" testListId="8c84fa94-04c1-424b-9868-57a2d4851a1d" relativeResultsDirectory="2814763f-2e82-42c1-aa64-c87ea616dcf6">
    </UnitTestResult>
    <UnitTestResult executionId="453b02e3-a6cf-4996-ad93-1fd378fd4758" testId="2fff3d70-8a91-739b-bf71-7ff50172d6de" testName="DateTest" computerName="MEOW-PC" duration="00:00:00.0023245" startTime="2012-10-21T18:04:55.8825412+08:00" endTime="2012-10-21T18:04:55.8825412+08:00" testType="13cdc9d9-ddb5-4fa4-a97d-d965ccfc6d4b" outcome="Passed" testListId="8c84fa94-04c1-424b-9868-57a2d4851a1d" relativeResultsDirectory="453b02e3-a6cf-4996-ad93-1fd378fd4758">
    </UnitTestResult>
    <UnitTestResult executionId="ea8e2124-b34c-42c1-91aa-585835ddfbcd" testId="313cab06-c5de-8a73-3b5e-61b6150e82a0" testName="EZMoneyModelConstructorTest" computerName="MEOW-PC" duration="00:00:00.0171734" startTime="2012-10-21T18:04:55.8825412+08:00" endTime="2012-10-21T18:04:55.9137412+08:00" testType="13cdc9d9-ddb5-4fa4-a97d-d965ccfc6d4b" outcome="Inconclusive" testListId="8c84fa94-04c1-424b-9868-57a2d4851a1d" relativeResultsDirectory="ea8e2124-b34c-42c1-91aa-585835ddfbcd">
      <Output>
        <ErrorInfo>
          <Message>Assert.Inconclusive 失敗。TODO: 實作程式碼以驗證目標</Message>
          <StackTrace>   於 TestEZMoney.EZMoneyModelTest.EZMoneyModelConstructorTest() 於 D:\Desktop\GitHubRepositories\ezMoney\ezMoney\TestEZMoney\EZMoneyModelTest.cs: 行 77
</StackTrace>
        </ErrorInfo>
      </Output>
    </UnitTestResult>
    <UnitTestResult executionId="c7cd5c1f-dac1-4eed-995a-c94d04f8f3ee" testId="3a174999-523f-75e1-819b-4e6fac788c64" testName="GetRecordsTest" computerName="MEOW-PC" duration="00:00:00.0018095" startTime="2012-10-21T18:04:55.9137412+08:00" endTime="2012-10-21T18:04:55.9137412+08:00" testType="13cdc9d9-ddb5-4fa4-a97d-d965ccfc6d4b" outcome="Passed" testListId="8c84fa94-04c1-424b-9868-57a2d4851a1d" relativeResultsDirectory="c7cd5c1f-dac1-4eed-995a-c94d04f8f3ee">
    </UnitTestResult>
    <UnitTestResult executionId="68a22d41-b3a8-4279-b184-be35fccdbbdc" testId="41d244a7-e3cc-3543-7af4-2b014df37b62" testName="AddCategoryTest" computerName="MEOW-PC" duration="00:00:00.0008411" startTime="2012-10-21T18:04:55.9293412+08:00" endTime="2012-10-21T18:04:55.9293412+08:00" testType="13cdc9d9-ddb5-4fa4-a97d-d965ccfc6d4b" outcome="Passed" testListId="8c84fa94-04c1-424b-9868-57a2d4851a1d" relativeResultsDirectory="68a22d41-b3a8-4279-b184-be35fccdbbdc">
    </UnitTestResult>
    <UnitTestResult executionId="d326e821-fe4e-4a12-bca0-cf09872a2dbb" testId="438cc15e-b3bd-02d0-6d9f-e76978d5582b" testName="GetCategoriesTest" computerName="MEOW-PC" duration="00:00:00.0007039" startTime="2012-10-21T18:04:55.9293412+08:00" endTime="2012-10-21T18:04:55.9293412+08:00" testType="13cdc9d9-ddb5-4fa4-a97d-d965ccfc6d4b" outcome="Passed" testListId="8c84fa94-04c1-424b-9868-57a2d4851a1d" relativeResultsDirectory="d326e821-fe4e-4a12-bca0-cf09872a2dbb">
    </UnitTestResult>
    <UnitTestResult executionId="5a7a7b12-075e-477a-bec1-77949ac3f380" testId="45012060-6be2-18b5-9392-a6ace57de7f1" testName="GetIncomeStatisticsTest" computerName="MEOW-PC" duration="00:00:00.0049724" startTime="2012-10-21T18:04:55.9449413+08:00" endTime="2012-10-21T18:04:55.9449413+08:00" testType="13cdc9d9-ddb5-4fa4-a97d-d965ccfc6d4b" outcome="Passed" testListId="8c84fa94-04c1-424b-9868-57a2d4851a1d" relativeResultsDirectory="5a7a7b12-075e-477a-bec1-77949ac3f380">
    </UnitTestResult>
    <UnitTestResult executionId="cb9ce480-9ac9-4017-a604-830a732f0a33" testId="4c120bd0-192a-f6ad-b54e-ad653ce85d9d" testName="GetAmountsTest" computerName="MEOW-PC" duration="00:00:00.0013062" startTime="2012-10-21T18:04:55.9449413+08:00" endTime="2012-10-21T18:04:55.9605413+08:00" testType="13cdc9d9-ddb5-4fa4-a97d-d965ccfc6d4b" outcome="Passed" testListId="8c84fa94-04c1-424b-9868-57a2d4851a1d" relativeResultsDirectory="cb9ce480-9ac9-4017-a604-830a732f0a33">
    </UnitTestResult>
    <UnitTestResult executionId="ca4bcb5d-e0bf-4259-b82a-517636d97d83" testId="4c7cc9a3-a41a-0458-944d-2dfab50e312d" testName="PercentTest" computerName="MEOW-PC" duration="00:00:00.0005677" startTime="2012-10-21T18:04:55.9605413+08:00" endTime="2012-10-21T18:04:55.9605413+08:00" testType="13cdc9d9-ddb5-4fa4-a97d-d965ccfc6d4b" outcome="Passed" testListId="8c84fa94-04c1-424b-9868-57a2d4851a1d" relativeResultsDirectory="ca4bcb5d-e0bf-4259-b82a-517636d97d83">
    </UnitTestResult>
    <UnitTestResult executionId="98f4db86-25c7-406e-be42-0a3ca9c0dcaa" testId="4c835668-35ae-5c48-78a8-686b3f511511" testName="GetRecordsTest1" computerName="MEOW-PC" duration="00:00:00.0007086" startTime="2012-10-21T18:04:55.9605413+08:00" endTime="2012-10-21T18:04:55.9761413+08:00" testType="13cdc9d9-ddb5-4fa4-a97d-d965ccfc6d4b" outcome="Passed" testListId="8c84fa94-04c1-424b-9868-57a2d4851a1d" relativeResultsDirectory="98f4db86-25c7-406e-be42-0a3ca9c0dcaa">
    </UnitTestResult>
    <UnitTestResult executionId="a391ca18-6063-40d5-914c-83be1d8b234c" testId="4d8a1e67-a741-d1dc-e666-be1101e5eac4" testName="CategoryTest" computerName="MEOW-PC" duration="00:00:00.0238808" startTime="2012-10-21T18:04:55.9761413+08:00" endTime="2012-10-21T18:04:56.0073414+08:00" testType="13cdc9d9-ddb5-4fa4-a97d-d965ccfc6d4b" outcome="Passed" testListId="8c84fa94-04c1-424b-9868-57a2d4851a1d" relativeResultsDirectory="a391ca18-6063-40d5-914c-83be1d8b234c">
    </UnitTestResult>
    <UnitTestResult executionId="a1351784-d0c2-475f-a10e-c2ab5cd57645" testId="4ed46085-d240-d4ad-6bbd-ecc4826ca41e" testName="GetStatisticDataGridViewDataSourceTest" computerName="MEOW-PC" duration="00:00:00.0019024" startTime="2012-10-21T18:04:56.0073414+08:00" endTime="2012-10-21T18:04:56.0073414+08:00" testType="13cdc9d9-ddb5-4fa4-a97d-d965ccfc6d4b" outcome="Passed" testListId="8c84fa94-04c1-424b-9868-57a2d4851a1d" relativeResultsDirectory="a1351784-d0c2-475f-a10e-c2ab5cd57645">
    </UnitTestResult>
    <UnitTestResult executionId="a6923fdb-0430-4fd4-9054-e882ecb79e05" testId="4fc4636a-78c0-4218-adb2-6173283accca" testName="AddCategoryTest" computerName="MEOW-PC" duration="00:00:00.0004105" startTime="2012-10-21T18:04:56.0073414+08:00" endTime="2012-10-21T18:04:56.0229414+08:00" testType="13cdc9d9-ddb5-4fa4-a97d-d965ccfc6d4b" outcome="Passed" testListId="8c84fa94-04c1-424b-9868-57a2d4851a1d" relativeResultsDirectory="a6923fdb-0430-4fd4-9054-e882ecb79e05">
    </UnitTestResult>
    <UnitTestResult executionId="efbe31d4-548f-44fa-8a83-5cbc4fd3b0ef" testId="5070df1b-9d86-cdf0-2681-ac5b90a53c61" testName="IsValidRecordAddTest" computerName="MEOW-PC" duration="00:00:00.0013771" startTime="2012-10-21T18:04:56.0229414+08:00" endTime="2012-10-21T18:04:56.0229414+08:00" testType="13cdc9d9-ddb5-4fa4-a97d-d965ccfc6d4b" outcome="Passed" testListId="8c84fa94-04c1-424b-9868-57a2d4851a1d" relativeResultsDirectory="efbe31d4-548f-44fa-8a83-5cbc4fd3b0ef">
    </UnitTestResult>
    <UnitTestResult executionId="c860cf45-8dfa-45fa-b93f-b57cb1d90364" testId="555842fa-2d25-35aa-c17b-faa4b06bcc3c" testName="GetStatisticTest" computerName="MEOW-PC" duration="00:00:00.0007240" startTime="2012-10-21T18:04:56.0229414+08:00" endTime="2012-10-21T18:04:56.0385414+08:00" testType="13cdc9d9-ddb5-4fa4-a97d-d965ccfc6d4b" outcome="Passed" testListId="8c84fa94-04c1-424b-9868-57a2d4851a1d" relativeResultsDirectory="c860cf45-8dfa-45fa-b93f-b57cb1d90364">
    </UnitTestResult>
    <UnitTestResult executionId="2041bafd-69d7-4ef0-a8ef-cb415df98ed3" testId="5f8b567f-98c3-ae13-5477-27a372c3a9a2" testName="GetCategoryIndexTest" computerName="MEOW-PC" duration="00:00:00.0003027" startTime="2012-10-21T18:04:56.0385414+08:00" endTime="2012-10-21T18:04:56.0385414+08:00" testType="13cdc9d9-ddb5-4fa4-a97d-d965ccfc6d4b" outcome="Passed" testListId="8c84fa94-04c1-424b-9868-57a2d4851a1d" relativeResultsDirectory="2041bafd-69d7-4ef0-a8ef-cb415df98ed3">
    </UnitTestResult>
    <UnitTestResult executionId="e880d1eb-73d7-4689-a329-43b2c1c45b35" testId="6e12922e-f637-e0ab-2bbc-896f100fe096" testName="GetRecordsTest3" computerName="MEOW-PC" duration="00:00:00.0013817" startTime="2012-10-21T18:04:56.0385414+08:00" endTime="2012-10-21T18:04:56.0541415+08:00" testType="13cdc9d9-ddb5-4fa4-a97d-d965ccfc6d4b" outcome="Passed" testListId="8c84fa94-04c1-424b-9868-57a2d4851a1d" relativeResultsDirectory="e880d1eb-73d7-4689-a329-43b2c1c45b35">
    </UnitTestResult>
    <UnitTestResult executionId="390374ff-910e-46bb-b2da-74047aa6fae4" testId="74efd12a-9c71-71c4-7dc6-67bf8631fefb" testName="ToStringTest" computerName="MEOW-PC" duration="00:00:00.0003442" startTime="2012-10-21T18:04:56.0541415+08:00" endTime="2012-10-21T18:04:56.0541415+08:00" testType="13cdc9d9-ddb5-4fa4-a97d-d965ccfc6d4b" outcome="Passed" testListId="8c84fa94-04c1-424b-9868-57a2d4851a1d" relativeResultsDirectory="390374ff-910e-46bb-b2da-74047aa6fae4">
    </UnitTestResult>
    <UnitTestResult executionId="1287ffbb-f6ee-404b-9e63-9fc68856585c" testId="78dd5f9d-13bb-9546-be81-14ebcc0b1c0c" testName="GetCategoryModelTest" computerName="MEOW-PC" duration="00:00:00.0005201" startTime="2012-10-21T18:04:56.0541415+08:00" endTime="2012-10-21T18:04:56.0697415+08:00" testType="13cdc9d9-ddb5-4fa4-a97d-d965ccfc6d4b" outcome="Passed" testListId="8c84fa94-04c1-424b-9868-57a2d4851a1d" relativeResultsDirectory="1287ffbb-f6ee-404b-9e63-9fc68856585c">
    </UnitTestResult>
    <UnitTestResult executionId="1117ffe5-be62-4498-87d8-46c9bd4c895c" testId="7d3e6c23-29df-0d58-ab46-c33cfd104620" testName="GetExpenseStatisticsTest" computerName="MEOW-PC" duration="00:00:00.0006442" startTime="2012-10-21T18:04:56.0697415+08:00" endTime="2012-10-21T18:04:56.0697415+08:00" testType="13cdc9d9-ddb5-4fa4-a97d-d965ccfc6d4b" outcome="Passed" testListId="8c84fa94-04c1-424b-9868-57a2d4851a1d" relativeResultsDirectory="1117ffe5-be62-4498-87d8-46c9bd4c895c">
    </UnitTestResult>
    <UnitTestResult executionId="abfc6a7a-229e-481a-aaed-94ec4384f61a" testId="8612f2be-8f63-7d5e-ebd7-3a19cb63d7f9" testName="GetRecordsTest1" computerName="MEOW-PC" duration="00:00:00.0014349" startTime="2012-10-21T18:04:56.0853415+08:00" endTime="2012-10-21T18:04:56.0853415+08:00" testType="13cdc9d9-ddb5-4fa4-a97d-d965ccfc6d4b" outcome="Passed" testListId="8c84fa94-04c1-424b-9868-57a2d4851a1d" relativeResultsDirectory="abfc6a7a-229e-481a-aaed-94ec4384f61a">
    </UnitTestResult>
    <UnitTestResult executionId="9f7a6f27-6fff-4af3-97a4-d408e18c3aa8" testId="8743b71d-5926-b78d-c573-e5254345d1a2" testName="SetPercentTest" computerName="MEOW-PC" duration="00:00:00.0007436" startTime="2012-10-21T18:04:56.0853415+08:00" endTime="2012-10-21T18:04:56.1009415+08:00" testType="13cdc9d9-ddb5-4fa4-a97d-d965ccfc6d4b" outcome="Passed" testListId="8c84fa94-04c1-424b-9868-57a2d4851a1d" relativeResultsDirectory="9f7a6f27-6fff-4af3-97a4-d408e18c3aa8">
    </UnitTestResult>
    <UnitTestResult executionId="a85225f9-ed55-4663-86b6-eba9a55ea92a" testId="88b35f6f-ad01-e7b6-8824-0c819dab486a" testName="WriteCategoryToFileTest" computerName="MEOW-PC" duration="00:00:00.0020978" startTime="2012-10-21T18:04:56.1009415+08:00" endTime="2012-10-21T18:04:56.1009415+08:00" testType="13cdc9d9-ddb5-4fa4-a97d-d965ccfc6d4b" outcome="Inconclusive" testListId="8c84fa94-04c1-424b-9868-57a2d4851a1d" relativeResultsDirectory="a85225f9-ed55-4663-86b6-eba9a55ea92a">
      <Output>
        <ErrorInfo>
          <Message>Assert.Inconclusive 失敗。無法驗證不傳回值的方法。</Message>
          <StackTrace>   於 TestEZMoney.EZMoneyModelTest.WriteCategoryToFileTest() 於 D:\Desktop\GitHubRepositories\ezMoney\ezMoney\TestEZMoney\EZMoneyModelTest.cs: 行 247
</StackTrace>
        </ErrorInfo>
      </Output>
    </UnitTestResult>
    <UnitTestResult executionId="0257b4c8-9802-4a70-9195-b2882b42376f" testId="985ad049-bb35-3360-42f7-3933780d5c59" testName="ReadRecordFromFileTest" computerName="MEOW-PC" duration="00:00:00.0173152" startTime="2012-10-21T18:04:56.1009415+08:00" endTime="2012-10-21T18:04:56.1321416+08:00" testType="13cdc9d9-ddb5-4fa4-a97d-d965ccfc6d4b" outcome="Passed" testListId="8c84fa94-04c1-424b-9868-57a2d4851a1d" relativeResultsDirectory="0257b4c8-9802-4a70-9195-b2882b42376f">
    </UnitTestResult>
    <UnitTestResult executionId="30a152d6-4196-4d12-97f0-db1362a86ee7" testId="9c7f7ff2-c648-ab17-bf0b-fe1837c9864c" testName="WriteRecordToFileTest" computerName="MEOW-PC" duration="00:00:00.0049720" startTime="2012-10-21T18:04:56.1321416+08:00" endTime="2012-10-21T18:04:56.1477416+08:00" testType="13cdc9d9-ddb5-4fa4-a97d-d965ccfc6d4b" outcome="Passed" testListId="8c84fa94-04c1-424b-9868-57a2d4851a1d" relativeResultsDirectory="30a152d6-4196-4d12-97f0-db1362a86ee7">
    </UnitTestResult>
    <UnitTestResult executionId="dea016f9-ce67-4eb5-8108-5d90c69da052" testId="a83ff9cb-2c44-dc59-36ae-98ed0ad10991" testName="GetStatisticModelTest" computerName="MEOW-PC" duration="00:00:00.0005971" startTime="2012-10-21T18:04:56.1477416+08:00" endTime="2012-10-21T18:04:56.1477416+08:00" testType="13cdc9d9-ddb5-4fa4-a97d-d965ccfc6d4b" outcome="Passed" testListId="8c84fa94-04c1-424b-9868-57a2d4851a1d" relativeResultsDirectory="dea016f9-ce67-4eb5-8108-5d90c69da052">
    </UnitTestResult>
    <UnitTestResult executionId="a52595cd-7b05-4cd3-963c-3e3e2a1a6ca5" testId="abb1e93d-9f24-6d2a-9e99-4f0f51cac12c" testName="GetHashCodeTest" computerName="MEOW-PC" duration="00:00:00.0013943" startTime="2012-10-21T18:04:56.1477416+08:00" endTime="2012-10-21T18:04:56.1633416+08:00" testType="13cdc9d9-ddb5-4fa4-a97d-d965ccfc6d4b" outcome="Passed" testListId="8c84fa94-04c1-424b-9868-57a2d4851a1d" relativeResultsDirectory="a52595cd-7b05-4cd3-963c-3e3e2a1a6ca5">
    </UnitTestResult>
    <UnitTestResult executionId="a618c369-593f-4a2f-b864-9b6a61c6cbcb" testId="ae8fa765-c6e3-3fd5-db33-812913565c79" testName="ReadCategoryFromFileTest" computerName="MEOW-PC" duration="00:00:00.0010365" startTime="2012-10-21T18:04:56.1633416+08:00" endTime="2012-10-21T18:04:56.1633416+08:00" testType="13cdc9d9-ddb5-4fa4-a97d-d965ccfc6d4b" outcome="Passed" testListId="8c84fa94-04c1-424b-9868-57a2d4851a1d" relativeResultsDirectory="a618c369-593f-4a2f-b864-9b6a61c6cbcb">
    </UnitTestResult>
    <UnitTestResult executionId="1a43b175-6a28-4e77-ab11-cf4eb51ca239" testId="afd3f908-844e-45d3-d3c9-74714f9775ee" testName="GetInformationModelTest" computerName="MEOW-PC" duration="00:00:00.0006209" startTime="2012-10-21T18:04:56.1633416+08:00" endTime="2012-10-21T18:04:56.1789417+08:00" testType="13cdc9d9-ddb5-4fa4-a97d-d965ccfc6d4b" outcome="Passed" testListId="8c84fa94-04c1-424b-9868-57a2d4851a1d" relativeResultsDirectory="1a43b175-6a28-4e77-ab11-cf4eb51ca239">
    </UnitTestResult>
    <UnitTestResult executionId="6ef2ce4c-e7e2-490d-917e-b2bc472d9a50" testId="b3053f22-9278-9467-c301-e74748f4cbe1" testName="GetExpenseTest" computerName="MEOW-PC" duration="00:00:00.0007981" startTime="2012-10-21T18:04:56.1789417+08:00" endTime="2012-10-21T18:04:56.1789417+08:00" testType="13cdc9d9-ddb5-4fa4-a97d-d965ccfc6d4b" outcome="Passed" testListId="8c84fa94-04c1-424b-9868-57a2d4851a1d" relativeResultsDirectory="6ef2ce4c-e7e2-490d-917e-b2bc472d9a50">
    </UnitTestResult>
    <UnitTestResult executionId="53f4f4a4-863f-4eac-965c-9acd1f6d711b" testId="b50a1ba1-45f3-8758-046a-23678c734d01" testName="GetAmountTest" computerName="MEOW-PC" duration="00:00:00.0005364" startTime="2012-10-21T18:04:56.1789417+08:00" endTime="2012-10-21T18:04:56.1945417+08:00" testType="13cdc9d9-ddb5-4fa4-a97d-d965ccfc6d4b" outcome="Passed" testListId="8c84fa94-04c1-424b-9868-57a2d4851a1d" relativeResultsDirectory="53f4f4a4-863f-4eac-965c-9acd1f6d711b">
    </UnitTestResult>
    <UnitTestResult executionId="1e3b5670-9c41-4d13-b628-209ec3965691" testId="c0746781-6825-d26a-5c81-52f601d3f840" testName="AmountTest" computerName="MEOW-PC" duration="00:00:00.0005117" startTime="2012-10-21T18:04:56.1945417+08:00" endTime="2012-10-21T18:04:56.1945417+08:00" testType="13cdc9d9-ddb5-4fa4-a97d-d965ccfc6d4b" outcome="Passed" testListId="8c84fa94-04c1-424b-9868-57a2d4851a1d" relativeResultsDirectory="1e3b5670-9c41-4d13-b628-209ec3965691">
    </UnitTestResult>
    <UnitTestResult executionId="731029d5-7180-4b31-a21d-7115be1099c9" testId="c08601fa-e2ca-6b69-d339-98b3ccb9dfc5" testName="AmountsTest" computerName="MEOW-PC" duration="00:00:00.0003106" startTime="2012-10-21T18:04:56.1945417+08:00" endTime="2012-10-21T18:04:56.2101417+08:00" testType="13cdc9d9-ddb5-4fa4-a97d-d965ccfc6d4b" outcome="Passed" testListId="8c84fa94-04c1-424b-9868-57a2d4851a1d" relativeResultsDirectory="731029d5-7180-4b31-a21d-7115be1099c9">
    </UnitTestResult>
    <UnitTestResult executionId="6e8bb8a0-0455-4edb-9f46-6596057736fd" testId="c0f06d6c-dcd7-4804-00f4-8b52a6b0ab52" testName="GetRecordModelTest" computerName="MEOW-PC" duration="00:00:00.0006195" startTime="2012-10-21T18:04:56.2101417+08:00" endTime="2012-10-21T18:04:56.2101417+08:00" testType="13cdc9d9-ddb5-4fa4-a97d-d965ccfc6d4b" outcome="Passed" testListId="8c84fa94-04c1-424b-9868-57a2d4851a1d" relativeResultsDirectory="6e8bb8a0-0455-4edb-9f46-6596057736fd">
    </UnitTestResult>
    <UnitTestResult executionId="8a7f6863-f6a4-474c-8ef6-06fe5b68c84f" testId="c5b22390-b403-06b6-7b08-7f2581f78a9f" testName="GetBalanceTest" computerName="MEOW-PC" duration="00:00:00.0011849" startTime="2012-10-21T18:04:56.2101417+08:00" endTime="2012-10-21T18:04:56.2101417+08:00" testType="13cdc9d9-ddb5-4fa4-a97d-d965ccfc6d4b" outcome="Passed" testListId="8c84fa94-04c1-424b-9868-57a2d4851a1d" relativeResultsDirectory="8a7f6863-f6a4-474c-8ef6-06fe5b68c84f">
    </UnitTestResult>
    <UnitTestResult executionId="1c63dd19-acca-4943-b9b0-3bfa46f9af23" testId="c5ca2b8f-e709-c820-f97a-a0bb56c92bc5" testName="WriteRecordToFileTest" computerName="MEOW-PC" duration="00:00:00.0016990" startTime="2012-10-21T18:04:56.2257418+08:00" endTime="2012-10-21T18:04:56.2257418+08:00" testType="13cdc9d9-ddb5-4fa4-a97d-d965ccfc6d4b" outcome="Inconclusive" testListId="8c84fa94-04c1-424b-9868-57a2d4851a1d" relativeResultsDirectory="1c63dd19-acca-4943-b9b0-3bfa46f9af23">
      <Output>
        <ErrorInfo>
          <Message>Assert.Inconclusive 失敗。無法驗證不傳回值的方法。</Message>
          <StackTrace>   於 TestEZMoney.EZMoneyModelTest.WriteRecordToFileTest() 於 D:\Desktop\GitHubRepositories\ezMoney\ezMoney\TestEZMoney\EZMoneyModelTest.cs: 行 258
</StackTrace>
        </ErrorInfo>
      </Output>
    </UnitTestResult>
    <UnitTestResult executionId="667c8bf8-4086-4be7-80f7-f8018d5365db" testId="ceb0e51e-614c-8f34-d82a-4c54d316785b" testName="GetNegativeRecordsTest" computerName="MEOW-PC" duration="00:00:00.0014359" startTime="2012-10-21T18:04:56.2257418+08:00" endTime="2012-10-21T18:04:56.2413418+08:00" testType="13cdc9d9-ddb5-4fa4-a97d-d965ccfc6d4b" outcome="Passed" testListId="8c84fa94-04c1-424b-9868-57a2d4851a1d" relativeResultsDirectory="667c8bf8-4086-4be7-80f7-f8018d5365db">
    </UnitTestResult>
    <UnitTestResult executionId="55c58386-fc7c-4a58-aed4-de7afcd92114" testId="cfb57f48-7a18-23b3-6961-3e854da8506c" testName="IsExistTest" computerName="MEOW-PC" duration="00:00:00.0003139" startTime="2012-10-21T18:04:56.2413418+08:00" endTime="2012-10-21T18:04:56.2413418+08:00" testType="13cdc9d9-ddb5-4fa4-a97d-d965ccfc6d4b" outcome="Passed" testListId="8c84fa94-04c1-424b-9868-57a2d4851a1d" relativeResultsDirectory="55c58386-fc7c-4a58-aed4-de7afcd92114">
    </UnitTestResult>
    <UnitTestResult executionId="33cc2d3e-17fc-4b96-adb4-82548f5d524f" testId="d2581d1f-b856-d57a-1aa7-c785831728f9" testName="AddRecordTest" computerName="MEOW-PC" duration="00:00:00.0008135" startTime="2012-10-21T18:04:56.2413418+08:00" endTime="2012-10-21T18:04:56.2569418+08:00" testType="13cdc9d9-ddb5-4fa4-a97d-d965ccfc6d4b" outcome="Passed" testListId="8c84fa94-04c1-424b-9868-57a2d4851a1d" relativeResultsDirectory="33cc2d3e-17fc-4b96-adb4-82548f5d524f">
    </UnitTestResult>
    <UnitTestResult executionId="66f3a058-fdcd-4cb5-badf-236f1ba2b93d" testId="dc426b2d-1e5c-2277-6ac7-8c4d5eb93b39" testName="GetCategoryIndexTest" computerName="MEOW-PC" duration="00:00:00.0006652" startTime="2012-10-21T18:04:56.2569418+08:00" endTime="2012-10-21T18:04:56.2569418+08:00" testType="13cdc9d9-ddb5-4fa4-a97d-d965ccfc6d4b" outcome="Passed" testListId="8c84fa94-04c1-424b-9868-57a2d4851a1d" relativeResultsDirectory="66f3a058-fdcd-4cb5-badf-236f1ba2b93d">
    </UnitTestResult>
    <UnitTestResult executionId="8efab831-c189-48ba-b7d5-597950dd7866" testId="e13dfe34-ee77-5bc8-713b-2863090d5471" testName="CategoryTest" computerName="MEOW-PC" duration="00:00:00.0004417" startTime="2012-10-21T18:04:56.2569418+08:00" endTime="2012-10-21T18:04:56.2725418+08:00" testType="13cdc9d9-ddb5-4fa4-a97d-d965ccfc6d4b" outcome="Passed" testListId="8c84fa94-04c1-424b-9868-57a2d4851a1d" relativeResultsDirectory="8efab831-c189-48ba-b7d5-597950dd7866">
    </UnitTestResult>
    <UnitTestResult executionId="d019befc-dfca-4b03-ad73-4c6f468ab48a" testId="e186dc13-d4a8-b2aa-a20a-0a24ae26ce42" testName="GetIncomeTest" computerName="MEOW-PC" duration="00:00:00.0006372" startTime="2012-10-21T18:04:56.2725418+08:00" endTime="2012-10-21T18:04:56.2725418+08:00" testType="13cdc9d9-ddb5-4fa4-a97d-d965ccfc6d4b" outcome="Passed" testListId="8c84fa94-04c1-424b-9868-57a2d4851a1d" relativeResultsDirectory="d019befc-dfca-4b03-ad73-4c6f468ab48a">
    </UnitTestResult>
    <UnitTestResult executionId="404c0fa5-60a9-45a5-bb2c-a8e0fb8e75db" testId="e6841291-87bc-44c9-0de6-c9d9d276bd27" testName="WriteCategoryToFileTest" computerName="MEOW-PC" duration="00:00:00.0011727" startTime="2012-10-21T18:04:56.2725418+08:00" endTime="2012-10-21T18:04:56.2881419+08:00" testType="13cdc9d9-ddb5-4fa4-a97d-d965ccfc6d4b" outcome="Passed" testListId="8c84fa94-04c1-424b-9868-57a2d4851a1d" relativeResultsDirectory="404c0fa5-60a9-45a5-bb2c-a8e0fb8e75db">
    </UnitTestResult>
    <UnitTestResult executionId="0a82d93b-02d6-4501-8cf1-91a715d93870" testId="e81eabcf-b83c-e229-b61a-105cd01ce1b6" testName="GetCategoriesTest" computerName="MEOW-PC" duration="00:00:00.0005584" startTime="2012-10-21T18:04:56.2881419+08:00" endTime="2012-10-21T18:04:56.2881419+08:00" testType="13cdc9d9-ddb5-4fa4-a97d-d965ccfc6d4b" outcome="Passed" testListId="8c84fa94-04c1-424b-9868-57a2d4851a1d" relativeResultsDirectory="0a82d93b-02d6-4501-8cf1-91a715d93870">
    </UnitTestResult>
    <UnitTestResult executionId="d3d9c2e5-1d94-447c-8f0f-6aa86f59e7e2" testId="eee989bd-6a80-d85b-3f16-3dfd7ab1c324" testName="GetPositiveRecordsTest" computerName="MEOW-PC" duration="00:00:00.0008788" startTime="2012-10-21T18:04:56.2881419+08:00" endTime="2012-10-21T18:04:56.3037419+08:00" testType="13cdc9d9-ddb5-4fa4-a97d-d965ccfc6d4b" outcome="Passed" testListId="8c84fa94-04c1-424b-9868-57a2d4851a1d" relativeResultsDirectory="d3d9c2e5-1d94-447c-8f0f-6aa86f59e7e2">
    </UnitTestResult>
    <UnitTestResult executionId="5eafb7f7-89cf-4ba7-9eda-c7693da50cf3" testId="f8eafeb8-ea36-d2b9-e132-8cd977c7038e" testName="GetRecordsTest" computerName="MEOW-PC" duration="00:00:00.0007282" startTime="2012-10-21T18:04:56.3037419+08:00" endTime="2012-10-21T18:04:56.3037419+08:00" testType="13cdc9d9-ddb5-4fa4-a97d-d965ccfc6d4b" outcome="Passed" testListId="8c84fa94-04c1-424b-9868-57a2d4851a1d" relativeResultsDirectory="5eafb7f7-89cf-4ba7-9eda-c7693da50cf3">
    </UnitTestResult>
    <UnitTestResult executionId="d707870c-60fb-491d-bcf5-3446c4c12fd9" testId="fae568e8-7858-4564-7c53-02050778c4dc" testName="CountTest" computerName="MEOW-PC" duration="00:00:00.0002869" startTime="2012-10-21T18:04:56.3037419+08:00" endTime="2012-10-21T18:04:56.3037419+08:00" testType="13cdc9d9-ddb5-4fa4-a97d-d965ccfc6d4b" outcome="Passed" testListId="8c84fa94-04c1-424b-9868-57a2d4851a1d" relativeResultsDirectory="d707870c-60fb-491d-bcf5-3446c4c12fd9">
    </UnitTestResult>
  </Results>
</TestRun>